<html>
<body>
<pre>
<h1>µVision Build Log</h1>
<h2>Tool Versions:</h2>
IDE-Version: µVision V5.36.0.0
Copyright (C) 2021 ARM Ltd and ARM Germany GmbH. All rights reserved.
License Information: asd asfg, asd, LIC=HN0AE-5Y6SL-EVL1R-KDNY1-2EWB2-S9HL9
 
Tool Versions:
Toolchain:       MDK-ARM Plus  Version: 5.36.0.0
Toolchain Path:  C:\Keil_v5\ARM\ARMCLANG\Bin
C Compiler:      ArmClang.exe V6.16
Assembler:       Armasm.exe V6.16
Linker/Locator:  ArmLink.exe V6.16
Library Manager: ArmAr.exe V6.16
Hex Converter:   FromElf.exe V6.16
CPU DLL:         SARMCM3.DLL V5.36.0.0
Dialog DLL:      DCM.DLL V1.17.3.0
Target DLL:      Segger\JL2CM3.dll V2.99.40.0
Dialog DLL:      TCM.DLL V1.53.0.0
 
<h2>Project:</h2>
C:\Users\retin\Desktop\My_Git\RSL10\test.uvprojx
Project File Date:  09/10/2023

<h2>Output:</h2>
*** Using Compiler 'V6.16', folder: 'C:\Keil_v5\ARM\ARMCLANG\Bin'
Build target 'Target 1'
compiling rsl10_sys_dma.c...
compiling rsl10_romvect.c...
compiling rsl10_sys_audio.c...
compiling rsl10_sys_flash.c...
compiling rsl10_sys_asrc.c...
compiling main.c...
compiling rsl10_sys_adc.c...
compiling rsl10_sys_power.c...
compiling rsl10_sys_rffe.c...
compiling rsl10_sys_clocks.c...
compiling rsl10_sys_crc.c...
compiling rsl10_sys_power_modes.c...
compiling rsl10_sys_version.c...
compiling rsl10_sys_uart.c...
compiling rsl10_sys_timers.c...
compiling SEGGER_RTT_printf.c...
compiling printf.c...
compiling system_rsl10.c...
compiling rsl10_protocol.c...
compiling SEGGER_RTT.c...
linking...
Program Size: Code=580 RO-data=0 RW-data=0 ZI-data=2052  
FromELF: creating hex file...
".\Objects\test.axf" - 0 Error(s), 0 Warning(s).

<h2>Software Packages used:</h2>

Package Vendor: ARM
                http://www.keil.com/pack/ARM.CMSIS.5.9.0.pack
                ARM.CMSIS.5.9.0
                CMSIS (Common Microcontroller Software Interface Standard)
   * Component: CORE Version: 5.6.0

Package Vendor: ONSemiconductor
                www.onsemi.com/ONSemiconductor.RSL10.3.8.801.pack
                ONSemiconductor.RSL10.3.8.801
                ON Semiconductor RSL10 Device Family Pack
   * Component: System Variant: source Version: 3.8.801
   * Component: Startup Variant: source Version: 3.8.801
   * Component: Printf wrapper Version: 3.8.801
   * Component: SEGGER RTT Version: 3.8.801

<h2>Collection of Component include folders:</h2>
  .\RTE\Device\RSL10
  .\RTE\Utility\RSL10
  .\RTE\_Target_1
  C:\Users\retin\AppData\Local\Arm\Packs\ARM\CMSIS\5.9.0\CMSIS\Core\Include
  C:\Users\retin\AppData\Local\Arm\Packs\ONSemiconductor\RSL10\3.8.801\include
  C:\Users\retin\AppData\Local\Arm\Packs\ONSemiconductor\RSL10\3.8.801\source\firmware\printf
  C:\Users\retin\AppData\Local\Arm\Packs\ONSemiconductor\RSL10\3.8.801\source\firmware\rtt

<h2>Collection of Component Files used:</h2>

   * Component: ARM::CMSIS:CORE:5.6.0

   * Component: ONSemiconductor::Device:Libraries:System:source:3.8.801
      Include file:  include\rsl10_sys_bbif.h
      Include file:  include\rsl10_sys_ip.h
      Include file:  include\rsl10_sys_asrc.h
      Include file:  include\rsl10_sys_audio.h
      Include file:  include\rsl10_sys_crc.h
      Include file:  include\rsl10_sys_adc.h
      Include file:  include\rsl10_sys_dio.h
      Include file:  include\rsl10_sys_flash.h
      Include file:  include\rsl10_sys_pcm.h
      Include file:  include\rsl10_sys_audiosink.h
      Include file:  include\rsl10_sys_power.h
      Include file:  include\rsl10_sys_cm3.h
      Include file:  include\rsl10_sys_clocks.h
      Include file:  include\rsl10_sys_dma.h
      Include file:  include\rsl10_sys_aes.h
      Include file:  include\rsl10_sys_pwm.h
      Include file:  include\rsl10_sys_rffe.h
      Include file:  include\rsl10_sys_gpio.h
      Include file:  include\rsl10_sys_power_modes.h
      Include file:  include\rsl10_sys_rtc.h
      Include file:  include\rsl10_sys_i2c.h
      Include file:  include\rsl10_sys_lpdsp32.h
      Include file:  include\rsl10_romvect.h
      Include file:  include\rsl10_sys_spi.h
      Source file:   source\firmware\syslib\code\rsl10_sys_version.c
      Source file:   source\firmware\syslib\code\rsl10_sys_rffe.c
      Include file:  include\rsl10_sys_uart.h
      Include file:  include\rsl10_sys_timers.h
      Source file:   source\firmware\syslib\code\rsl10_sys_asrc.c
      Source file:   source\firmware\syslib\code\rsl10_protocol.c
      Include file:  include\rsl10_sys_watchdog.h
      Include file:  include\rsl10_protocol.h
      Source file:   source\firmware\syslib\code\rsl10_sys_clocks.c
      Source file:   source\firmware\syslib\code\rsl10_sys_crc.c
      Source file:   source\firmware\syslib\code\rsl10_sys_dma.c
      Source file:   source\firmware\syslib\code\rsl10_sys_timers.c
      Source file:   source\firmware\syslib\code\rsl10_sys_power.c
      Source file:   source\firmware\syslib\code\rsl10_sys_power_modes.c
      Source file:   source\firmware\syslib\code\rsl10_romvect.c
      Source file:   source\firmware\syslib\code\rsl10_sys_flash.c
      Source file:   source\firmware\syslib\code\rsl10_sys_uart.c
      Source file:   source\firmware\syslib\code\rsl10_sys_audio.c
      Source file:   source\firmware\syslib\code\rsl10_sys_adc.c

   * Component: ONSemiconductor::Device:Startup:source:3.8.801
      Source file:   source\firmware\cmsis\source\ARM\startup_rsl10.s
      Source file:   source\firmware\cmsis\source\system_rsl10.c
      Include file:  source\firmware\drivers\RTE_config\RTE_Device.h

   * Component: ONSemiconductor::Utility:IO:Printf wrapper:3.8.801
      Include file:  source\firmware\printf\printf.h
      Source file:   source\firmware\printf\printf.c

   * Component: ONSemiconductor::Utility:IO:SEGGER RTT:3.8.801
      Source file:   source\firmware\rtt\SEGGER_RTT_printf.c
      Include file:  source\firmware\rtt\SEGGER_RTT_Conf.h
      Source file:   source\firmware\rtt\SEGGER_RTT_ASM_ARMv7M.S
      Include file:  source\firmware\rtt\SEGGER_RTT.h
      Source file:   source\firmware\rtt\SEGGER_RTT.c
Build Time Elapsed:  00:00:02
</pre>
</body>
</html>
