<!doctype html public "-//w3c//dtd html 4.0 transitional//en">
<html><head>
<title>Static Call Graph - [.\Objects\test.axf]</title></head>
<body><HR>
<H1>Static Call Graph for image .\Objects\test.axf</H1><HR>
<BR><P>#&#060CALLGRAPH&#062# ARM Linker, 6160001: Last Updated: Mon Sep 11 21:42:10 2023
<BR><P>
<H3>Maximum Stack Usage =        160 bytes + Unknown(Cycles, Untraceable Function Pointers)</H3><H3>
Call chain for Maximum Stack Depth:</H3>
main &rArr; vInitXTAL &rArr; Sys_Clocks_SystemClkConfig &rArr; SystemCoreClockUpdate &rArr; System_GetTargetForTrim &rArr; Sys_ReadNVR4
<P>
<H3>
Mutually Recursive functions
</H3> <LI><a href="#[1]">NMI_Handler</a>&nbsp;&nbsp;&nbsp;&rArr;&nbsp;&nbsp;&nbsp;<a href="#[1]">NMI_Handler</a><BR>
 <LI><a href="#[2]">HardFault_Handler</a>&nbsp;&nbsp;&nbsp;&rArr;&nbsp;&nbsp;&nbsp;<a href="#[2]">HardFault_Handler</a><BR>
 <LI><a href="#[3]">MemManage_Handler</a>&nbsp;&nbsp;&nbsp;&rArr;&nbsp;&nbsp;&nbsp;<a href="#[3]">MemManage_Handler</a><BR>
 <LI><a href="#[4]">BusFault_Handler</a>&nbsp;&nbsp;&nbsp;&rArr;&nbsp;&nbsp;&nbsp;<a href="#[4]">BusFault_Handler</a><BR>
 <LI><a href="#[5]">UsageFault_Handler</a>&nbsp;&nbsp;&nbsp;&rArr;&nbsp;&nbsp;&nbsp;<a href="#[5]">UsageFault_Handler</a><BR>
 <LI><a href="#[6]">SVC_Handler</a>&nbsp;&nbsp;&nbsp;&rArr;&nbsp;&nbsp;&nbsp;<a href="#[6]">SVC_Handler</a><BR>
 <LI><a href="#[7]">DebugMon_Handler</a>&nbsp;&nbsp;&nbsp;&rArr;&nbsp;&nbsp;&nbsp;<a href="#[7]">DebugMon_Handler</a><BR>
 <LI><a href="#[8]">PendSV_Handler</a>&nbsp;&nbsp;&nbsp;&rArr;&nbsp;&nbsp;&nbsp;<a href="#[8]">PendSV_Handler</a><BR>
 <LI><a href="#[9]">SysTick_Handler</a>&nbsp;&nbsp;&nbsp;&rArr;&nbsp;&nbsp;&nbsp;<a href="#[9]">SysTick_Handler</a><BR>
 <LI><a href="#[d]">ADC_BATMON_IRQHandler</a>&nbsp;&nbsp;&nbsp;&rArr;&nbsp;&nbsp;&nbsp;<a href="#[d]">ADC_BATMON_IRQHandler</a><BR>
</UL>
<P>
<H3>
Function Pointers
</H3><UL>
 <LI><a href="#[d]">ADC_BATMON_IRQHandler</a> from .\objects\startup_rsl10.o(RESET) referenced from .\objects\startup_rsl10.o(RESET)
 <LI><a href="#[47]">ASRC_ERROR_IRQHandler</a> from .\objects\startup_rsl10.o(RESET) referenced from .\objects\startup_rsl10.o(RESET)
 <LI><a href="#[48]">ASRC_IN_IRQHandler</a> from .\objects\startup_rsl10.o(RESET) referenced from .\objects\startup_rsl10.o(RESET)
 <LI><a href="#[49]">ASRC_OUT_IRQHandler</a> from .\objects\startup_rsl10.o(RESET) referenced from .\objects\startup_rsl10.o(RESET)
 <LI><a href="#[4b]">AUDIOSINK_PERIOD_IRQHandler</a> from .\objects\startup_rsl10.o(RESET) referenced from .\objects\startup_rsl10.o(RESET)
 <LI><a href="#[4a]">AUDIOSINK_PHASE_IRQHandler</a> from .\objects\startup_rsl10.o(RESET) referenced from .\objects\startup_rsl10.o(RESET)
 <LI><a href="#[50]">BLE_AUDIO0_IRQHandler</a> from .\objects\startup_rsl10.o(RESET) referenced from .\objects\startup_rsl10.o(RESET)
 <LI><a href="#[51]">BLE_AUDIO1_IRQHandler</a> from .\objects\startup_rsl10.o(RESET) referenced from .\objects\startup_rsl10.o(RESET)
 <LI><a href="#[52]">BLE_AUDIO2_IRQHandler</a> from .\objects\startup_rsl10.o(RESET) referenced from .\objects\startup_rsl10.o(RESET)
 <LI><a href="#[40]">BLE_COEX_IN_PROCESS_IRQHandler</a> from .\objects\startup_rsl10.o(RESET) referenced from .\objects\startup_rsl10.o(RESET)
 <LI><a href="#[3f]">BLE_COEX_RX_TX_IRQHandler</a> from .\objects\startup_rsl10.o(RESET) referenced from .\objects\startup_rsl10.o(RESET)
 <LI><a href="#[3a]">BLE_CRYPT_IRQHandler</a> from .\objects\startup_rsl10.o(RESET) referenced from .\objects\startup_rsl10.o(RESET)
 <LI><a href="#[36]">BLE_CSCNT_IRQHandler</a> from .\objects\startup_rsl10.o(RESET) referenced from .\objects\startup_rsl10.o(RESET)
 <LI><a href="#[3b]">BLE_ERROR_IRQHandler</a> from .\objects\startup_rsl10.o(RESET) referenced from .\objects\startup_rsl10.o(RESET)
 <LI><a href="#[39]">BLE_EVENT_IRQHandler</a> from .\objects\startup_rsl10.o(RESET) referenced from .\objects\startup_rsl10.o(RESET)
 <LI><a href="#[3d]">BLE_FINETGTIM_IRQHandler</a> from .\objects\startup_rsl10.o(RESET) referenced from .\objects\startup_rsl10.o(RESET)
 <LI><a href="#[3c]">BLE_GROSSTGTIM_IRQHandler</a> from .\objects\startup_rsl10.o(RESET) referenced from .\objects\startup_rsl10.o(RESET)
 <LI><a href="#[38]">BLE_RX_IRQHandler</a> from .\objects\startup_rsl10.o(RESET) referenced from .\objects\startup_rsl10.o(RESET)
 <LI><a href="#[37]">BLE_SLP_IRQHandler</a> from .\objects\startup_rsl10.o(RESET) referenced from .\objects\startup_rsl10.o(RESET)
 <LI><a href="#[3e]">BLE_SW_IRQHandler</a> from .\objects\startup_rsl10.o(RESET) referenced from .\objects\startup_rsl10.o(RESET)
 <LI><a href="#[4]">BusFault_Handler</a> from .\objects\startup_rsl10.o(RESET) referenced from .\objects\startup_rsl10.o(RESET)
 <LI><a href="#[4c]">CLKDET_IRQHandler</a> from .\objects\startup_rsl10.o(RESET) referenced from .\objects\startup_rsl10.o(RESET)
 <LI><a href="#[1a]">DIO0_IRQHandler</a> from .\objects\interrupt.o(.text.DIO0_IRQHandler) referenced from .\objects\startup_rsl10.o(RESET)
 <LI><a href="#[1b]">DIO1_IRQHandler</a> from .\objects\startup_rsl10.o(RESET) referenced from .\objects\startup_rsl10.o(RESET)
 <LI><a href="#[1c]">DIO2_IRQHandler</a> from .\objects\startup_rsl10.o(RESET) referenced from .\objects\startup_rsl10.o(RESET)
 <LI><a href="#[1d]">DIO3_IRQHandler</a> from .\objects\startup_rsl10.o(RESET) referenced from .\objects\startup_rsl10.o(RESET)
 <LI><a href="#[12]">DMA0_IRQHandler</a> from .\objects\startup_rsl10.o(RESET) referenced from .\objects\startup_rsl10.o(RESET)
 <LI><a href="#[13]">DMA1_IRQHandler</a> from .\objects\startup_rsl10.o(RESET) referenced from .\objects\startup_rsl10.o(RESET)
 <LI><a href="#[14]">DMA2_IRQHandler</a> from .\objects\startup_rsl10.o(RESET) referenced from .\objects\startup_rsl10.o(RESET)
 <LI><a href="#[15]">DMA3_IRQHandler</a> from .\objects\startup_rsl10.o(RESET) referenced from .\objects\startup_rsl10.o(RESET)
 <LI><a href="#[16]">DMA4_IRQHandler</a> from .\objects\startup_rsl10.o(RESET) referenced from .\objects\startup_rsl10.o(RESET)
 <LI><a href="#[17]">DMA5_IRQHandler</a> from .\objects\startup_rsl10.o(RESET) referenced from .\objects\startup_rsl10.o(RESET)
 <LI><a href="#[18]">DMA6_IRQHandler</a> from .\objects\startup_rsl10.o(RESET) referenced from .\objects\startup_rsl10.o(RESET)
 <LI><a href="#[19]">DMA7_IRQHandler</a> from .\objects\startup_rsl10.o(RESET) referenced from .\objects\startup_rsl10.o(RESET)
 <LI><a href="#[2a]">DMIC_OD_ERROR_IRQHandler</a> from .\objects\startup_rsl10.o(RESET) referenced from .\objects\startup_rsl10.o(RESET)
 <LI><a href="#[29]">DMIC_OUT_OD_IN_IRQHandler</a> from .\objects\startup_rsl10.o(RESET) referenced from .\objects\startup_rsl10.o(RESET)
 <LI><a href="#[2e]">DSP0_IRQHandler</a> from .\objects\startup_rsl10.o(RESET) referenced from .\objects\startup_rsl10.o(RESET)
 <LI><a href="#[2f]">DSP1_IRQHandler</a> from .\objects\startup_rsl10.o(RESET) referenced from .\objects\startup_rsl10.o(RESET)
 <LI><a href="#[30]">DSP2_IRQHandler</a> from .\objects\startup_rsl10.o(RESET) referenced from .\objects\startup_rsl10.o(RESET)
 <LI><a href="#[31]">DSP3_IRQHandler</a> from .\objects\startup_rsl10.o(RESET) referenced from .\objects\startup_rsl10.o(RESET)
 <LI><a href="#[32]">DSP4_IRQHandler</a> from .\objects\startup_rsl10.o(RESET) referenced from .\objects\startup_rsl10.o(RESET)
 <LI><a href="#[33]">DSP5_IRQHandler</a> from .\objects\startup_rsl10.o(RESET) referenced from .\objects\startup_rsl10.o(RESET)
 <LI><a href="#[34]">DSP6_IRQHandler</a> from .\objects\startup_rsl10.o(RESET) referenced from .\objects\startup_rsl10.o(RESET)
 <LI><a href="#[35]">DSP7_IRQHandler</a> from .\objects\startup_rsl10.o(RESET) referenced from .\objects\startup_rsl10.o(RESET)
 <LI><a href="#[7]">DebugMon_Handler</a> from .\objects\startup_rsl10.o(RESET) referenced from .\objects\startup_rsl10.o(RESET)
 <LI><a href="#[4d]">FLASH_COPY_IRQHandler</a> from .\objects\startup_rsl10.o(RESET) referenced from .\objects\startup_rsl10.o(RESET)
 <LI><a href="#[4e]">FLASH_ECC_IRQHandler</a> from .\objects\startup_rsl10.o(RESET) referenced from .\objects\startup_rsl10.o(RESET)
 <LI><a href="#[2]">HardFault_Handler</a> from .\objects\startup_rsl10.o(RESET) referenced from .\objects\startup_rsl10.o(RESET)
 <LI><a href="#[25]">I2C_IRQHandler</a> from .\objects\startup_rsl10.o(RESET) referenced from .\objects\startup_rsl10.o(RESET)
 <LI><a href="#[4f]">MEMORY_ERROR_IRQHandler</a> from .\objects\startup_rsl10.o(RESET) referenced from .\objects\startup_rsl10.o(RESET)
 <LI><a href="#[3]">MemManage_Handler</a> from .\objects\startup_rsl10.o(RESET) referenced from .\objects\startup_rsl10.o(RESET)
 <LI><a href="#[1]">NMI_Handler</a> from .\objects\startup_rsl10.o(RESET) referenced from .\objects\startup_rsl10.o(RESET)
 <LI><a href="#[2d]">PCM_ERROR_IRQHandler</a> from .\objects\startup_rsl10.o(RESET) referenced from .\objects\startup_rsl10.o(RESET)
 <LI><a href="#[2b]">PCM_RX_IRQHandler</a> from .\objects\startup_rsl10.o(RESET) referenced from .\objects\startup_rsl10.o(RESET)
 <LI><a href="#[2c]">PCM_TX_IRQHandler</a> from .\objects\startup_rsl10.o(RESET) referenced from .\objects\startup_rsl10.o(RESET)
 <LI><a href="#[8]">PendSV_Handler</a> from .\objects\startup_rsl10.o(RESET) referenced from .\objects\startup_rsl10.o(RESET)
 <LI><a href="#[43]">RF_IRQ_RECEIVED_IRQHandler</a> from .\objects\startup_rsl10.o(RESET) referenced from .\objects\startup_rsl10.o(RESET)
 <LI><a href="#[46]">RF_RXFIFO_IRQHandler</a> from .\objects\startup_rsl10.o(RESET) referenced from .\objects\startup_rsl10.o(RESET)
 <LI><a href="#[42]">RF_RXSTOP_IRQHandler</a> from .\objects\startup_rsl10.o(RESET) referenced from .\objects\startup_rsl10.o(RESET)
 <LI><a href="#[44]">RF_SYNC_IRQHandler</a> from .\objects\startup_rsl10.o(RESET) referenced from .\objects\startup_rsl10.o(RESET)
 <LI><a href="#[45]">RF_TXFIFO_IRQHandler</a> from .\objects\startup_rsl10.o(RESET) referenced from .\objects\startup_rsl10.o(RESET)
 <LI><a href="#[41]">RF_TX_IRQHandler</a> from .\objects\startup_rsl10.o(RESET) referenced from .\objects\startup_rsl10.o(RESET)
 <LI><a href="#[b]">RTC_ALARM_IRQHandler</a> from .\objects\startup_rsl10.o(RESET) referenced from .\objects\startup_rsl10.o(RESET)
 <LI><a href="#[c]">RTC_CLOCK_IRQHandler</a> from .\objects\startup_rsl10.o(RESET) referenced from .\objects\startup_rsl10.o(RESET)
 <LI><a href="#[0]">Reset_Handler</a> from .\objects\startup_rsl10.o(RESET) referenced from .\objects\startup_rsl10.o(RESET)
 <LI><a href="#[21]">SPI0_ERROR_IRQHandler</a> from .\objects\startup_rsl10.o(RESET) referenced from .\objects\startup_rsl10.o(RESET)
 <LI><a href="#[1f]">SPI0_RX_IRQHandler</a> from .\objects\startup_rsl10.o(RESET) referenced from .\objects\startup_rsl10.o(RESET)
 <LI><a href="#[20]">SPI0_TX_IRQHandler</a> from .\objects\startup_rsl10.o(RESET) referenced from .\objects\startup_rsl10.o(RESET)
 <LI><a href="#[24]">SPI1_ERROR_IRQHandler</a> from .\objects\startup_rsl10.o(RESET) referenced from .\objects\startup_rsl10.o(RESET)
 <LI><a href="#[22]">SPI1_RX_IRQHandler</a> from .\objects\startup_rsl10.o(RESET) referenced from .\objects\startup_rsl10.o(RESET)
 <LI><a href="#[23]">SPI1_TX_IRQHandler</a> from .\objects\startup_rsl10.o(RESET) referenced from .\objects\startup_rsl10.o(RESET)
 <LI><a href="#[6]">SVC_Handler</a> from .\objects\startup_rsl10.o(RESET) referenced from .\objects\startup_rsl10.o(RESET)
 <LI><a href="#[9]">SysTick_Handler</a> from .\objects\startup_rsl10.o(RESET) referenced from .\objects\startup_rsl10.o(RESET)
 <LI><a href="#[53]">SystemInit</a> from .\objects\system_rsl10.o(.text.SystemInit) referenced from .\objects\startup_rsl10.o(RESET)
 <LI><a href="#[e]">TIMER0_IRQHandler</a> from .\objects\startup_rsl10.o(RESET) referenced from .\objects\startup_rsl10.o(RESET)
 <LI><a href="#[f]">TIMER1_IRQHandler</a> from .\objects\startup_rsl10.o(RESET) referenced from .\objects\startup_rsl10.o(RESET)
 <LI><a href="#[10]">TIMER2_IRQHandler</a> from .\objects\startup_rsl10.o(RESET) referenced from .\objects\startup_rsl10.o(RESET)
 <LI><a href="#[11]">TIMER3_IRQHandler</a> from .\objects\startup_rsl10.o(RESET) referenced from .\objects\startup_rsl10.o(RESET)
 <LI><a href="#[28]">UART_ERROR_IRQHandler</a> from .\objects\startup_rsl10.o(RESET) referenced from .\objects\startup_rsl10.o(RESET)
 <LI><a href="#[26]">UART_RX_IRQHandler</a> from .\objects\startup_rsl10.o(RESET) referenced from .\objects\startup_rsl10.o(RESET)
 <LI><a href="#[27]">UART_TX_IRQHandler</a> from .\objects\startup_rsl10.o(RESET) referenced from .\objects\startup_rsl10.o(RESET)
 <LI><a href="#[5]">UsageFault_Handler</a> from .\objects\startup_rsl10.o(RESET) referenced from .\objects\startup_rsl10.o(RESET)
 <LI><a href="#[a]">WAKEUP_IRQHandler</a> from .\objects\startup_rsl10.o(RESET) referenced from .\objects\startup_rsl10.o(RESET)
 <LI><a href="#[1e]">WATCHDOG_IRQHandler</a> from .\objects\startup_rsl10.o(RESET) referenced from .\objects\startup_rsl10.o(RESET)
 <LI><a href="#[54]">__main</a> from C:\Keil_v5\ARM\ARMCLANG\Bin\..\lib\armlib\mc_w.l(entry.o)(.ARM.Collect$$$$00000000) referenced from .\objects\startup_rsl10.o(RESET)
 <LI><a href="#[55]">main</a> from .\objects\main.o(.text.main) referenced from C:\Keil_v5\ARM\ARMCLANG\Bin\..\lib\armlib\mc_w.l(entry9a.o)(.ARM.Collect$$$$0000000B)
</UL>
<P>
<H3>
Global Symbols
</H3>
<P><STRONG><a name="[56]"></a>ISR_Vector_Table_End</STRONG> (Thumb, 0 bytes, Stack size 0 bytes, .\objects\startup_rsl10.o(RESET), UNUSED, KEPT)

<P><STRONG><a name="[0]"></a>Reset_Handler</STRONG> (Thumb, 16 bytes, Stack size 0 bytes, .\objects\startup_rsl10.o(RESET))
<BR>[Address Reference Count : 1]<UL><LI> startup_rsl10.o(RESET)
</UL>
<P><STRONG><a name="[1]"></a>NMI_Handler</STRONG> (Thumb, 2 bytes, Stack size 0 bytes, .\objects\startup_rsl10.o(RESET))
<BR><BR>[Calls]<UL><LI><a href="#[1]">&gt;&gt;</a>&nbsp;&nbsp;&nbsp;NMI_Handler
</UL>
<BR>[Called By]<UL><LI><a href="#[1]">&gt;&gt;</a>&nbsp;&nbsp;&nbsp;NMI_Handler
</UL>
<BR>[Address Reference Count : 1]<UL><LI> startup_rsl10.o(RESET)
</UL>
<P><STRONG><a name="[2]"></a>HardFault_Handler</STRONG> (Thumb, 2 bytes, Stack size 0 bytes, .\objects\startup_rsl10.o(RESET))
<BR><BR>[Calls]<UL><LI><a href="#[2]">&gt;&gt;</a>&nbsp;&nbsp;&nbsp;HardFault_Handler
</UL>
<BR>[Called By]<UL><LI><a href="#[2]">&gt;&gt;</a>&nbsp;&nbsp;&nbsp;HardFault_Handler
</UL>
<BR>[Address Reference Count : 1]<UL><LI> startup_rsl10.o(RESET)
</UL>
<P><STRONG><a name="[3]"></a>MemManage_Handler</STRONG> (Thumb, 2 bytes, Stack size 0 bytes, .\objects\startup_rsl10.o(RESET))
<BR><BR>[Calls]<UL><LI><a href="#[3]">&gt;&gt;</a>&nbsp;&nbsp;&nbsp;MemManage_Handler
</UL>
<BR>[Called By]<UL><LI><a href="#[3]">&gt;&gt;</a>&nbsp;&nbsp;&nbsp;MemManage_Handler
</UL>
<BR>[Address Reference Count : 1]<UL><LI> startup_rsl10.o(RESET)
</UL>
<P><STRONG><a name="[4]"></a>BusFault_Handler</STRONG> (Thumb, 2 bytes, Stack size 0 bytes, .\objects\startup_rsl10.o(RESET))
<BR><BR>[Calls]<UL><LI><a href="#[4]">&gt;&gt;</a>&nbsp;&nbsp;&nbsp;BusFault_Handler
</UL>
<BR>[Called By]<UL><LI><a href="#[4]">&gt;&gt;</a>&nbsp;&nbsp;&nbsp;BusFault_Handler
</UL>
<BR>[Address Reference Count : 1]<UL><LI> startup_rsl10.o(RESET)
</UL>
<P><STRONG><a name="[5]"></a>UsageFault_Handler</STRONG> (Thumb, 2 bytes, Stack size 0 bytes, .\objects\startup_rsl10.o(RESET))
<BR><BR>[Calls]<UL><LI><a href="#[5]">&gt;&gt;</a>&nbsp;&nbsp;&nbsp;UsageFault_Handler
</UL>
<BR>[Called By]<UL><LI><a href="#[5]">&gt;&gt;</a>&nbsp;&nbsp;&nbsp;UsageFault_Handler
</UL>
<BR>[Address Reference Count : 1]<UL><LI> startup_rsl10.o(RESET)
</UL>
<P><STRONG><a name="[6]"></a>SVC_Handler</STRONG> (Thumb, 2 bytes, Stack size 0 bytes, .\objects\startup_rsl10.o(RESET))
<BR><BR>[Calls]<UL><LI><a href="#[6]">&gt;&gt;</a>&nbsp;&nbsp;&nbsp;SVC_Handler
</UL>
<BR>[Called By]<UL><LI><a href="#[6]">&gt;&gt;</a>&nbsp;&nbsp;&nbsp;SVC_Handler
</UL>
<BR>[Address Reference Count : 1]<UL><LI> startup_rsl10.o(RESET)
</UL>
<P><STRONG><a name="[7]"></a>DebugMon_Handler</STRONG> (Thumb, 2 bytes, Stack size 0 bytes, .\objects\startup_rsl10.o(RESET))
<BR><BR>[Calls]<UL><LI><a href="#[7]">&gt;&gt;</a>&nbsp;&nbsp;&nbsp;DebugMon_Handler
</UL>
<BR>[Called By]<UL><LI><a href="#[7]">&gt;&gt;</a>&nbsp;&nbsp;&nbsp;DebugMon_Handler
</UL>
<BR>[Address Reference Count : 1]<UL><LI> startup_rsl10.o(RESET)
</UL>
<P><STRONG><a name="[8]"></a>PendSV_Handler</STRONG> (Thumb, 2 bytes, Stack size 0 bytes, .\objects\startup_rsl10.o(RESET))
<BR><BR>[Calls]<UL><LI><a href="#[8]">&gt;&gt;</a>&nbsp;&nbsp;&nbsp;PendSV_Handler
</UL>
<BR>[Called By]<UL><LI><a href="#[8]">&gt;&gt;</a>&nbsp;&nbsp;&nbsp;PendSV_Handler
</UL>
<BR>[Address Reference Count : 1]<UL><LI> startup_rsl10.o(RESET)
</UL>
<P><STRONG><a name="[9]"></a>SysTick_Handler</STRONG> (Thumb, 2 bytes, Stack size 0 bytes, .\objects\startup_rsl10.o(RESET))
<BR><BR>[Calls]<UL><LI><a href="#[9]">&gt;&gt;</a>&nbsp;&nbsp;&nbsp;SysTick_Handler
</UL>
<BR>[Called By]<UL><LI><a href="#[9]">&gt;&gt;</a>&nbsp;&nbsp;&nbsp;SysTick_Handler
</UL>
<BR>[Address Reference Count : 1]<UL><LI> startup_rsl10.o(RESET)
</UL>
<P><STRONG><a name="[d]"></a>ADC_BATMON_IRQHandler</STRONG> (Thumb, 0 bytes, Stack size 0 bytes, .\objects\startup_rsl10.o(RESET))
<BR><BR>[Calls]<UL><LI><a href="#[d]">&gt;&gt;</a>&nbsp;&nbsp;&nbsp;ADC_BATMON_IRQHandler
</UL>
<BR>[Called By]<UL><LI><a href="#[d]">&gt;&gt;</a>&nbsp;&nbsp;&nbsp;ADC_BATMON_IRQHandler
</UL>
<BR>[Address Reference Count : 1]<UL><LI> startup_rsl10.o(RESET)
</UL>
<P><STRONG><a name="[47]"></a>ASRC_ERROR_IRQHandler</STRONG> (Thumb, 0 bytes, Stack size 0 bytes, .\objects\startup_rsl10.o(RESET))
<BR>[Address Reference Count : 1]<UL><LI> startup_rsl10.o(RESET)
</UL>
<P><STRONG><a name="[48]"></a>ASRC_IN_IRQHandler</STRONG> (Thumb, 0 bytes, Stack size 0 bytes, .\objects\startup_rsl10.o(RESET))
<BR>[Address Reference Count : 1]<UL><LI> startup_rsl10.o(RESET)
</UL>
<P><STRONG><a name="[49]"></a>ASRC_OUT_IRQHandler</STRONG> (Thumb, 0 bytes, Stack size 0 bytes, .\objects\startup_rsl10.o(RESET))
<BR>[Address Reference Count : 1]<UL><LI> startup_rsl10.o(RESET)
</UL>
<P><STRONG><a name="[4b]"></a>AUDIOSINK_PERIOD_IRQHandler</STRONG> (Thumb, 0 bytes, Stack size 0 bytes, .\objects\startup_rsl10.o(RESET))
<BR>[Address Reference Count : 1]<UL><LI> startup_rsl10.o(RESET)
</UL>
<P><STRONG><a name="[4a]"></a>AUDIOSINK_PHASE_IRQHandler</STRONG> (Thumb, 0 bytes, Stack size 0 bytes, .\objects\startup_rsl10.o(RESET))
<BR>[Address Reference Count : 1]<UL><LI> startup_rsl10.o(RESET)
</UL>
<P><STRONG><a name="[50]"></a>BLE_AUDIO0_IRQHandler</STRONG> (Thumb, 0 bytes, Stack size 0 bytes, .\objects\startup_rsl10.o(RESET))
<BR>[Address Reference Count : 1]<UL><LI> startup_rsl10.o(RESET)
</UL>
<P><STRONG><a name="[51]"></a>BLE_AUDIO1_IRQHandler</STRONG> (Thumb, 0 bytes, Stack size 0 bytes, .\objects\startup_rsl10.o(RESET))
<BR>[Address Reference Count : 1]<UL><LI> startup_rsl10.o(RESET)
</UL>
<P><STRONG><a name="[52]"></a>BLE_AUDIO2_IRQHandler</STRONG> (Thumb, 0 bytes, Stack size 0 bytes, .\objects\startup_rsl10.o(RESET))
<BR>[Address Reference Count : 1]<UL><LI> startup_rsl10.o(RESET)
</UL>
<P><STRONG><a name="[40]"></a>BLE_COEX_IN_PROCESS_IRQHandler</STRONG> (Thumb, 0 bytes, Stack size 0 bytes, .\objects\startup_rsl10.o(RESET))
<BR>[Address Reference Count : 1]<UL><LI> startup_rsl10.o(RESET)
</UL>
<P><STRONG><a name="[3f]"></a>BLE_COEX_RX_TX_IRQHandler</STRONG> (Thumb, 0 bytes, Stack size 0 bytes, .\objects\startup_rsl10.o(RESET))
<BR>[Address Reference Count : 1]<UL><LI> startup_rsl10.o(RESET)
</UL>
<P><STRONG><a name="[3a]"></a>BLE_CRYPT_IRQHandler</STRONG> (Thumb, 0 bytes, Stack size 0 bytes, .\objects\startup_rsl10.o(RESET))
<BR>[Address Reference Count : 1]<UL><LI> startup_rsl10.o(RESET)
</UL>
<P><STRONG><a name="[36]"></a>BLE_CSCNT_IRQHandler</STRONG> (Thumb, 0 bytes, Stack size 0 bytes, .\objects\startup_rsl10.o(RESET))
<BR>[Address Reference Count : 1]<UL><LI> startup_rsl10.o(RESET)
</UL>
<P><STRONG><a name="[3b]"></a>BLE_ERROR_IRQHandler</STRONG> (Thumb, 0 bytes, Stack size 0 bytes, .\objects\startup_rsl10.o(RESET))
<BR>[Address Reference Count : 1]<UL><LI> startup_rsl10.o(RESET)
</UL>
<P><STRONG><a name="[39]"></a>BLE_EVENT_IRQHandler</STRONG> (Thumb, 0 bytes, Stack size 0 bytes, .\objects\startup_rsl10.o(RESET))
<BR>[Address Reference Count : 1]<UL><LI> startup_rsl10.o(RESET)
</UL>
<P><STRONG><a name="[3d]"></a>BLE_FINETGTIM_IRQHandler</STRONG> (Thumb, 0 bytes, Stack size 0 bytes, .\objects\startup_rsl10.o(RESET))
<BR>[Address Reference Count : 1]<UL><LI> startup_rsl10.o(RESET)
</UL>
<P><STRONG><a name="[3c]"></a>BLE_GROSSTGTIM_IRQHandler</STRONG> (Thumb, 0 bytes, Stack size 0 bytes, .\objects\startup_rsl10.o(RESET))
<BR>[Address Reference Count : 1]<UL><LI> startup_rsl10.o(RESET)
</UL>
<P><STRONG><a name="[38]"></a>BLE_RX_IRQHandler</STRONG> (Thumb, 0 bytes, Stack size 0 bytes, .\objects\startup_rsl10.o(RESET))
<BR>[Address Reference Count : 1]<UL><LI> startup_rsl10.o(RESET)
</UL>
<P><STRONG><a name="[37]"></a>BLE_SLP_IRQHandler</STRONG> (Thumb, 0 bytes, Stack size 0 bytes, .\objects\startup_rsl10.o(RESET))
<BR>[Address Reference Count : 1]<UL><LI> startup_rsl10.o(RESET)
</UL>
<P><STRONG><a name="[3e]"></a>BLE_SW_IRQHandler</STRONG> (Thumb, 0 bytes, Stack size 0 bytes, .\objects\startup_rsl10.o(RESET))
<BR>[Address Reference Count : 1]<UL><LI> startup_rsl10.o(RESET)
</UL>
<P><STRONG><a name="[4c]"></a>CLKDET_IRQHandler</STRONG> (Thumb, 0 bytes, Stack size 0 bytes, .\objects\startup_rsl10.o(RESET))
<BR>[Address Reference Count : 1]<UL><LI> startup_rsl10.o(RESET)
</UL>
<P><STRONG><a name="[1b]"></a>DIO1_IRQHandler</STRONG> (Thumb, 0 bytes, Stack size 0 bytes, .\objects\startup_rsl10.o(RESET))
<BR>[Address Reference Count : 1]<UL><LI> startup_rsl10.o(RESET)
</UL>
<P><STRONG><a name="[1c]"></a>DIO2_IRQHandler</STRONG> (Thumb, 0 bytes, Stack size 0 bytes, .\objects\startup_rsl10.o(RESET))
<BR>[Address Reference Count : 1]<UL><LI> startup_rsl10.o(RESET)
</UL>
<P><STRONG><a name="[1d]"></a>DIO3_IRQHandler</STRONG> (Thumb, 0 bytes, Stack size 0 bytes, .\objects\startup_rsl10.o(RESET))
<BR>[Address Reference Count : 1]<UL><LI> startup_rsl10.o(RESET)
</UL>
<P><STRONG><a name="[12]"></a>DMA0_IRQHandler</STRONG> (Thumb, 0 bytes, Stack size 0 bytes, .\objects\startup_rsl10.o(RESET))
<BR>[Address Reference Count : 1]<UL><LI> startup_rsl10.o(RESET)
</UL>
<P><STRONG><a name="[13]"></a>DMA1_IRQHandler</STRONG> (Thumb, 0 bytes, Stack size 0 bytes, .\objects\startup_rsl10.o(RESET))
<BR>[Address Reference Count : 1]<UL><LI> startup_rsl10.o(RESET)
</UL>
<P><STRONG><a name="[14]"></a>DMA2_IRQHandler</STRONG> (Thumb, 0 bytes, Stack size 0 bytes, .\objects\startup_rsl10.o(RESET))
<BR>[Address Reference Count : 1]<UL><LI> startup_rsl10.o(RESET)
</UL>
<P><STRONG><a name="[15]"></a>DMA3_IRQHandler</STRONG> (Thumb, 0 bytes, Stack size 0 bytes, .\objects\startup_rsl10.o(RESET))
<BR>[Address Reference Count : 1]<UL><LI> startup_rsl10.o(RESET)
</UL>
<P><STRONG><a name="[16]"></a>DMA4_IRQHandler</STRONG> (Thumb, 0 bytes, Stack size 0 bytes, .\objects\startup_rsl10.o(RESET))
<BR>[Address Reference Count : 1]<UL><LI> startup_rsl10.o(RESET)
</UL>
<P><STRONG><a name="[17]"></a>DMA5_IRQHandler</STRONG> (Thumb, 0 bytes, Stack size 0 bytes, .\objects\startup_rsl10.o(RESET))
<BR>[Address Reference Count : 1]<UL><LI> startup_rsl10.o(RESET)
</UL>
<P><STRONG><a name="[18]"></a>DMA6_IRQHandler</STRONG> (Thumb, 0 bytes, Stack size 0 bytes, .\objects\startup_rsl10.o(RESET))
<BR>[Address Reference Count : 1]<UL><LI> startup_rsl10.o(RESET)
</UL>
<P><STRONG><a name="[19]"></a>DMA7_IRQHandler</STRONG> (Thumb, 0 bytes, Stack size 0 bytes, .\objects\startup_rsl10.o(RESET))
<BR>[Address Reference Count : 1]<UL><LI> startup_rsl10.o(RESET)
</UL>
<P><STRONG><a name="[2a]"></a>DMIC_OD_ERROR_IRQHandler</STRONG> (Thumb, 0 bytes, Stack size 0 bytes, .\objects\startup_rsl10.o(RESET))
<BR>[Address Reference Count : 1]<UL><LI> startup_rsl10.o(RESET)
</UL>
<P><STRONG><a name="[29]"></a>DMIC_OUT_OD_IN_IRQHandler</STRONG> (Thumb, 0 bytes, Stack size 0 bytes, .\objects\startup_rsl10.o(RESET))
<BR>[Address Reference Count : 1]<UL><LI> startup_rsl10.o(RESET)
</UL>
<P><STRONG><a name="[2e]"></a>DSP0_IRQHandler</STRONG> (Thumb, 0 bytes, Stack size 0 bytes, .\objects\startup_rsl10.o(RESET))
<BR>[Address Reference Count : 1]<UL><LI> startup_rsl10.o(RESET)
</UL>
<P><STRONG><a name="[2f]"></a>DSP1_IRQHandler</STRONG> (Thumb, 0 bytes, Stack size 0 bytes, .\objects\startup_rsl10.o(RESET))
<BR>[Address Reference Count : 1]<UL><LI> startup_rsl10.o(RESET)
</UL>
<P><STRONG><a name="[30]"></a>DSP2_IRQHandler</STRONG> (Thumb, 0 bytes, Stack size 0 bytes, .\objects\startup_rsl10.o(RESET))
<BR>[Address Reference Count : 1]<UL><LI> startup_rsl10.o(RESET)
</UL>
<P><STRONG><a name="[31]"></a>DSP3_IRQHandler</STRONG> (Thumb, 0 bytes, Stack size 0 bytes, .\objects\startup_rsl10.o(RESET))
<BR>[Address Reference Count : 1]<UL><LI> startup_rsl10.o(RESET)
</UL>
<P><STRONG><a name="[32]"></a>DSP4_IRQHandler</STRONG> (Thumb, 0 bytes, Stack size 0 bytes, .\objects\startup_rsl10.o(RESET))
<BR>[Address Reference Count : 1]<UL><LI> startup_rsl10.o(RESET)
</UL>
<P><STRONG><a name="[33]"></a>DSP5_IRQHandler</STRONG> (Thumb, 0 bytes, Stack size 0 bytes, .\objects\startup_rsl10.o(RESET))
<BR>[Address Reference Count : 1]<UL><LI> startup_rsl10.o(RESET)
</UL>
<P><STRONG><a name="[34]"></a>DSP6_IRQHandler</STRONG> (Thumb, 0 bytes, Stack size 0 bytes, .\objects\startup_rsl10.o(RESET))
<BR>[Address Reference Count : 1]<UL><LI> startup_rsl10.o(RESET)
</UL>
<P><STRONG><a name="[35]"></a>DSP7_IRQHandler</STRONG> (Thumb, 0 bytes, Stack size 0 bytes, .\objects\startup_rsl10.o(RESET))
<BR>[Address Reference Count : 1]<UL><LI> startup_rsl10.o(RESET)
</UL>
<P><STRONG><a name="[4d]"></a>FLASH_COPY_IRQHandler</STRONG> (Thumb, 0 bytes, Stack size 0 bytes, .\objects\startup_rsl10.o(RESET))
<BR>[Address Reference Count : 1]<UL><LI> startup_rsl10.o(RESET)
</UL>
<P><STRONG><a name="[4e]"></a>FLASH_ECC_IRQHandler</STRONG> (Thumb, 0 bytes, Stack size 0 bytes, .\objects\startup_rsl10.o(RESET))
<BR>[Address Reference Count : 1]<UL><LI> startup_rsl10.o(RESET)
</UL>
<P><STRONG><a name="[25]"></a>I2C_IRQHandler</STRONG> (Thumb, 0 bytes, Stack size 0 bytes, .\objects\startup_rsl10.o(RESET))
<BR>[Address Reference Count : 1]<UL><LI> startup_rsl10.o(RESET)
</UL>
<P><STRONG><a name="[4f]"></a>MEMORY_ERROR_IRQHandler</STRONG> (Thumb, 0 bytes, Stack size 0 bytes, .\objects\startup_rsl10.o(RESET))
<BR>[Address Reference Count : 1]<UL><LI> startup_rsl10.o(RESET)
</UL>
<P><STRONG><a name="[2d]"></a>PCM_ERROR_IRQHandler</STRONG> (Thumb, 0 bytes, Stack size 0 bytes, .\objects\startup_rsl10.o(RESET))
<BR>[Address Reference Count : 1]<UL><LI> startup_rsl10.o(RESET)
</UL>
<P><STRONG><a name="[2b]"></a>PCM_RX_IRQHandler</STRONG> (Thumb, 0 bytes, Stack size 0 bytes, .\objects\startup_rsl10.o(RESET))
<BR>[Address Reference Count : 1]<UL><LI> startup_rsl10.o(RESET)
</UL>
<P><STRONG><a name="[2c]"></a>PCM_TX_IRQHandler</STRONG> (Thumb, 0 bytes, Stack size 0 bytes, .\objects\startup_rsl10.o(RESET))
<BR>[Address Reference Count : 1]<UL><LI> startup_rsl10.o(RESET)
</UL>
<P><STRONG><a name="[43]"></a>RF_IRQ_RECEIVED_IRQHandler</STRONG> (Thumb, 0 bytes, Stack size 0 bytes, .\objects\startup_rsl10.o(RESET))
<BR>[Address Reference Count : 1]<UL><LI> startup_rsl10.o(RESET)
</UL>
<P><STRONG><a name="[46]"></a>RF_RXFIFO_IRQHandler</STRONG> (Thumb, 0 bytes, Stack size 0 bytes, .\objects\startup_rsl10.o(RESET))
<BR>[Address Reference Count : 1]<UL><LI> startup_rsl10.o(RESET)
</UL>
<P><STRONG><a name="[42]"></a>RF_RXSTOP_IRQHandler</STRONG> (Thumb, 0 bytes, Stack size 0 bytes, .\objects\startup_rsl10.o(RESET))
<BR>[Address Reference Count : 1]<UL><LI> startup_rsl10.o(RESET)
</UL>
<P><STRONG><a name="[44]"></a>RF_SYNC_IRQHandler</STRONG> (Thumb, 0 bytes, Stack size 0 bytes, .\objects\startup_rsl10.o(RESET))
<BR>[Address Reference Count : 1]<UL><LI> startup_rsl10.o(RESET)
</UL>
<P><STRONG><a name="[45]"></a>RF_TXFIFO_IRQHandler</STRONG> (Thumb, 0 bytes, Stack size 0 bytes, .\objects\startup_rsl10.o(RESET))
<BR>[Address Reference Count : 1]<UL><LI> startup_rsl10.o(RESET)
</UL>
<P><STRONG><a name="[41]"></a>RF_TX_IRQHandler</STRONG> (Thumb, 0 bytes, Stack size 0 bytes, .\objects\startup_rsl10.o(RESET))
<BR>[Address Reference Count : 1]<UL><LI> startup_rsl10.o(RESET)
</UL>
<P><STRONG><a name="[b]"></a>RTC_ALARM_IRQHandler</STRONG> (Thumb, 0 bytes, Stack size 0 bytes, .\objects\startup_rsl10.o(RESET))
<BR>[Address Reference Count : 1]<UL><LI> startup_rsl10.o(RESET)
</UL>
<P><STRONG><a name="[c]"></a>RTC_CLOCK_IRQHandler</STRONG> (Thumb, 0 bytes, Stack size 0 bytes, .\objects\startup_rsl10.o(RESET))
<BR>[Address Reference Count : 1]<UL><LI> startup_rsl10.o(RESET)
</UL>
<P><STRONG><a name="[21]"></a>SPI0_ERROR_IRQHandler</STRONG> (Thumb, 0 bytes, Stack size 0 bytes, .\objects\startup_rsl10.o(RESET))
<BR>[Address Reference Count : 1]<UL><LI> startup_rsl10.o(RESET)
</UL>
<P><STRONG><a name="[1f]"></a>SPI0_RX_IRQHandler</STRONG> (Thumb, 0 bytes, Stack size 0 bytes, .\objects\startup_rsl10.o(RESET))
<BR>[Address Reference Count : 1]<UL><LI> startup_rsl10.o(RESET)
</UL>
<P><STRONG><a name="[20]"></a>SPI0_TX_IRQHandler</STRONG> (Thumb, 0 bytes, Stack size 0 bytes, .\objects\startup_rsl10.o(RESET))
<BR>[Address Reference Count : 1]<UL><LI> startup_rsl10.o(RESET)
</UL>
<P><STRONG><a name="[24]"></a>SPI1_ERROR_IRQHandler</STRONG> (Thumb, 0 bytes, Stack size 0 bytes, .\objects\startup_rsl10.o(RESET))
<BR>[Address Reference Count : 1]<UL><LI> startup_rsl10.o(RESET)
</UL>
<P><STRONG><a name="[22]"></a>SPI1_RX_IRQHandler</STRONG> (Thumb, 0 bytes, Stack size 0 bytes, .\objects\startup_rsl10.o(RESET))
<BR>[Address Reference Count : 1]<UL><LI> startup_rsl10.o(RESET)
</UL>
<P><STRONG><a name="[23]"></a>SPI1_TX_IRQHandler</STRONG> (Thumb, 0 bytes, Stack size 0 bytes, .\objects\startup_rsl10.o(RESET))
<BR>[Address Reference Count : 1]<UL><LI> startup_rsl10.o(RESET)
</UL>
<P><STRONG><a name="[e]"></a>TIMER0_IRQHandler</STRONG> (Thumb, 0 bytes, Stack size 0 bytes, .\objects\startup_rsl10.o(RESET))
<BR>[Address Reference Count : 1]<UL><LI> startup_rsl10.o(RESET)
</UL>
<P><STRONG><a name="[f]"></a>TIMER1_IRQHandler</STRONG> (Thumb, 0 bytes, Stack size 0 bytes, .\objects\startup_rsl10.o(RESET))
<BR>[Address Reference Count : 1]<UL><LI> startup_rsl10.o(RESET)
</UL>
<P><STRONG><a name="[10]"></a>TIMER2_IRQHandler</STRONG> (Thumb, 0 bytes, Stack size 0 bytes, .\objects\startup_rsl10.o(RESET))
<BR>[Address Reference Count : 1]<UL><LI> startup_rsl10.o(RESET)
</UL>
<P><STRONG><a name="[11]"></a>TIMER3_IRQHandler</STRONG> (Thumb, 0 bytes, Stack size 0 bytes, .\objects\startup_rsl10.o(RESET))
<BR>[Address Reference Count : 1]<UL><LI> startup_rsl10.o(RESET)
</UL>
<P><STRONG><a name="[28]"></a>UART_ERROR_IRQHandler</STRONG> (Thumb, 0 bytes, Stack size 0 bytes, .\objects\startup_rsl10.o(RESET))
<BR>[Address Reference Count : 1]<UL><LI> startup_rsl10.o(RESET)
</UL>
<P><STRONG><a name="[26]"></a>UART_RX_IRQHandler</STRONG> (Thumb, 0 bytes, Stack size 0 bytes, .\objects\startup_rsl10.o(RESET))
<BR>[Address Reference Count : 1]<UL><LI> startup_rsl10.o(RESET)
</UL>
<P><STRONG><a name="[27]"></a>UART_TX_IRQHandler</STRONG> (Thumb, 0 bytes, Stack size 0 bytes, .\objects\startup_rsl10.o(RESET))
<BR>[Address Reference Count : 1]<UL><LI> startup_rsl10.o(RESET)
</UL>
<P><STRONG><a name="[a]"></a>WAKEUP_IRQHandler</STRONG> (Thumb, 0 bytes, Stack size 0 bytes, .\objects\startup_rsl10.o(RESET))
<BR>[Address Reference Count : 1]<UL><LI> startup_rsl10.o(RESET)
</UL>
<P><STRONG><a name="[1e]"></a>WATCHDOG_IRQHandler</STRONG> (Thumb, 0 bytes, Stack size 0 bytes, .\objects\startup_rsl10.o(RESET))
<BR>[Address Reference Count : 1]<UL><LI> startup_rsl10.o(RESET)
</UL>
<P><STRONG><a name="[54]"></a>__main</STRONG> (Thumb, 0 bytes, Stack size unknown bytes, C:\Keil_v5\ARM\ARMCLANG\Bin\..\lib\armlib\mc_w.l(entry.o)(.ARM.Collect$$$$00000000))
<BR>[Address Reference Count : 1]<UL><LI> startup_rsl10.o(RESET)
</UL>
<P><STRONG><a name="[65]"></a>_main_stk</STRONG> (Thumb, 0 bytes, Stack size unknown bytes, C:\Keil_v5\ARM\ARMCLANG\Bin\..\lib\armlib\mc_w.l(entry4.o)(.ARM.Collect$$$$00000003))

<P><STRONG><a name="[57]"></a>_main_scatterload</STRONG> (Thumb, 0 bytes, Stack size unknown bytes, C:\Keil_v5\ARM\ARMCLANG\Bin\..\lib\armlib\mc_w.l(entry5.o)(.ARM.Collect$$$$00000004))
<BR><BR>[Calls]<UL><LI><a href="#[58]">&gt;&gt;</a>&nbsp;&nbsp;&nbsp;__scatterload
</UL>

<P><STRONG><a name="[59]"></a>__main_after_scatterload</STRONG> (Thumb, 0 bytes, Stack size unknown bytes, C:\Keil_v5\ARM\ARMCLANG\Bin\..\lib\armlib\mc_w.l(entry5.o)(.ARM.Collect$$$$00000004))
<BR><BR>[Called By]<UL><LI><a href="#[58]">&gt;&gt;</a>&nbsp;&nbsp;&nbsp;__scatterload
</UL>

<P><STRONG><a name="[66]"></a>_main_clock</STRONG> (Thumb, 0 bytes, Stack size unknown bytes, C:\Keil_v5\ARM\ARMCLANG\Bin\..\lib\armlib\mc_w.l(entry7b.o)(.ARM.Collect$$$$00000008))

<P><STRONG><a name="[67]"></a>_main_cpp_init</STRONG> (Thumb, 0 bytes, Stack size unknown bytes, C:\Keil_v5\ARM\ARMCLANG\Bin\..\lib\armlib\mc_w.l(entry8b.o)(.ARM.Collect$$$$0000000A))

<P><STRONG><a name="[68]"></a>_main_init</STRONG> (Thumb, 0 bytes, Stack size unknown bytes, C:\Keil_v5\ARM\ARMCLANG\Bin\..\lib\armlib\mc_w.l(entry9a.o)(.ARM.Collect$$$$0000000B))

<P><STRONG><a name="[69]"></a>__rt_final_cpp</STRONG> (Thumb, 0 bytes, Stack size unknown bytes, C:\Keil_v5\ARM\ARMCLANG\Bin\..\lib\armlib\mc_w.l(entry10a.o)(.ARM.Collect$$$$0000000D))

<P><STRONG><a name="[6a]"></a>__rt_final_exit</STRONG> (Thumb, 0 bytes, Stack size unknown bytes, C:\Keil_v5\ARM\ARMCLANG\Bin\..\lib\armlib\mc_w.l(entry11a.o)(.ARM.Collect$$$$0000000F))

<P><STRONG><a name="[58]"></a>__scatterload</STRONG> (Thumb, 28 bytes, Stack size 0 bytes, C:\Keil_v5\ARM\ARMCLANG\Bin\..\lib\armlib\mc_w.l(init.o)(.text))
<BR><BR>[Calls]<UL><LI><a href="#[59]">&gt;&gt;</a>&nbsp;&nbsp;&nbsp;__main_after_scatterload
</UL>
<BR>[Called By]<UL><LI><a href="#[57]">&gt;&gt;</a>&nbsp;&nbsp;&nbsp;_main_scatterload
</UL>

<P><STRONG><a name="[6b]"></a>__scatterload_rt2</STRONG> (Thumb, 0 bytes, Stack size 0 bytes, C:\Keil_v5\ARM\ARMCLANG\Bin\..\lib\armlib\mc_w.l(init.o)(.text), UNUSED)

<P><STRONG><a name="[1a]"></a>DIO0_IRQHandler</STRONG> (Thumb, 48 bytes, Stack size 0 bytes, .\objects\interrupt.o(.text.DIO0_IRQHandler))
<BR>[Address Reference Count : 1]<UL><LI> startup_rsl10.o(RESET)
</UL>
<P><STRONG><a name="[5b]"></a>SystemCoreClockUpdate</STRONG> (Thumb, 840 bytes, Stack size 32 bytes, .\objects\system_rsl10.o(.text.SystemCoreClockUpdate))
<BR><BR>[Stack]<UL><LI>Max Depth = 104<LI>Call Chain = SystemCoreClockUpdate &rArr; System_GetTargetForTrim &rArr; Sys_ReadNVR4
</UL>
<BR>[Calls]<UL><LI><a href="#[5c]">&gt;&gt;</a>&nbsp;&nbsp;&nbsp;System_GetTargetForTrim
</UL>
<BR>[Called By]<UL><LI><a href="#[5a]">&gt;&gt;</a>&nbsp;&nbsp;&nbsp;Sys_Clocks_SystemClkConfig
</UL>

<P><STRONG><a name="[53]"></a>SystemInit</STRONG> (Thumb, 66 bytes, Stack size 0 bytes, .\objects\system_rsl10.o(.text.SystemInit))
<BR>[Address Reference Count : 1]<UL><LI> startup_rsl10.o(RESET)
</UL>
<P><STRONG><a name="[5c]"></a>System_GetTargetForTrim</STRONG> (Thumb, 122 bytes, Stack size 48 bytes, .\objects\system_rsl10.o(.text.System_GetTargetForTrim))
<BR><BR>[Stack]<UL><LI>Max Depth = 72<LI>Call Chain = System_GetTargetForTrim &rArr; Sys_ReadNVR4
</UL>
<BR>[Calls]<UL><LI><a href="#[5d]">&gt;&gt;</a>&nbsp;&nbsp;&nbsp;Sys_ReadNVR4
</UL>
<BR>[Called By]<UL><LI><a href="#[5b]">&gt;&gt;</a>&nbsp;&nbsp;&nbsp;SystemCoreClockUpdate
</UL>

<P><STRONG><a name="[55]"></a>main</STRONG> (Thumb, 66 bytes, Stack size 24 bytes, .\objects\main.o(.text.main))
<BR><BR>[Stack]<UL><LI>Max Depth = 160<LI>Call Chain = main &rArr; vInitXTAL &rArr; Sys_Clocks_SystemClkConfig &rArr; SystemCoreClockUpdate &rArr; System_GetTargetForTrim &rArr; Sys_ReadNVR4
</UL>
<BR>[Calls]<UL><LI><a href="#[5e]">&gt;&gt;</a>&nbsp;&nbsp;&nbsp;vInitXTAL
<LI><a href="#[60]">&gt;&gt;</a>&nbsp;&nbsp;&nbsp;vInitPWM
<LI><a href="#[61]">&gt;&gt;</a>&nbsp;&nbsp;&nbsp;vInitButton
<LI><a href="#[5f]">&gt;&gt;</a>&nbsp;&nbsp;&nbsp;Sys_DIO_Config
</UL>
<BR>[Address Reference Count : 1]<UL><LI> entry9a.o(.ARM.Collect$$$$0000000B)
</UL>
<P><STRONG><a name="[61]"></a>vInitButton</STRONG> (Thumb, 40 bytes, Stack size 16 bytes, .\objects\my_func.o(.text.vInitButton))
<BR><BR>[Stack]<UL><LI>Max Depth = 32<LI>Call Chain = vInitButton &rArr; Sys_DIO_IntConfig
</UL>
<BR>[Calls]<UL><LI><a href="#[64]">&gt;&gt;</a>&nbsp;&nbsp;&nbsp;__NVIC_EnableIRQ
<LI><a href="#[63]">&gt;&gt;</a>&nbsp;&nbsp;&nbsp;Sys_DIO_IntConfig
<LI><a href="#[62]">&gt;&gt;</a>&nbsp;&nbsp;&nbsp;Sys_DIO_Config
</UL>
<BR>[Called By]<UL><LI><a href="#[55]">&gt;&gt;</a>&nbsp;&nbsp;&nbsp;main
</UL>

<P><STRONG><a name="[60]"></a>vInitPWM</STRONG> (Thumb, 36 bytes, Stack size 0 bytes, .\objects\my_func.o(.text.vInitPWM))
<BR><BR>[Called By]<UL><LI><a href="#[55]">&gt;&gt;</a>&nbsp;&nbsp;&nbsp;main
</UL>

<P><STRONG><a name="[5e]"></a>vInitXTAL</STRONG> (Thumb, 168 bytes, Stack size 16 bytes, .\objects\my_func.o(.text.vInitXTAL))
<BR><BR>[Stack]<UL><LI>Max Depth = 136<LI>Call Chain = vInitXTAL &rArr; Sys_Clocks_SystemClkConfig &rArr; SystemCoreClockUpdate &rArr; System_GetTargetForTrim &rArr; Sys_ReadNVR4
</UL>
<BR>[Calls]<UL><LI><a href="#[5a]">&gt;&gt;</a>&nbsp;&nbsp;&nbsp;Sys_Clocks_SystemClkConfig
</UL>
<BR>[Called By]<UL><LI><a href="#[55]">&gt;&gt;</a>&nbsp;&nbsp;&nbsp;main
</UL>
<P>
<H3>
Local Symbols
</H3>
<P><STRONG><a name="[5f]"></a>Sys_DIO_Config</STRONG> (Thumb, 26 bytes, Stack size 8 bytes, .\objects\main.o(.text.Sys_DIO_Config))
<BR><BR>[Stack]<UL><LI>Max Depth = 8<LI>Call Chain = Sys_DIO_Config
</UL>
<BR>[Called By]<UL><LI><a href="#[55]">&gt;&gt;</a>&nbsp;&nbsp;&nbsp;main
</UL>

<P><STRONG><a name="[5a]"></a>Sys_Clocks_SystemClkConfig</STRONG> (Thumb, 44 bytes, Stack size 16 bytes, .\objects\my_func.o(.text.Sys_Clocks_SystemClkConfig))
<BR><BR>[Stack]<UL><LI>Max Depth = 120<LI>Call Chain = Sys_Clocks_SystemClkConfig &rArr; SystemCoreClockUpdate &rArr; System_GetTargetForTrim &rArr; Sys_ReadNVR4
</UL>
<BR>[Calls]<UL><LI><a href="#[5b]">&gt;&gt;</a>&nbsp;&nbsp;&nbsp;SystemCoreClockUpdate
</UL>
<BR>[Called By]<UL><LI><a href="#[5e]">&gt;&gt;</a>&nbsp;&nbsp;&nbsp;vInitXTAL
</UL>

<P><STRONG><a name="[62]"></a>Sys_DIO_Config</STRONG> (Thumb, 26 bytes, Stack size 8 bytes, .\objects\my_func.o(.text.Sys_DIO_Config))
<BR><BR>[Stack]<UL><LI>Max Depth = 8<LI>Call Chain = Sys_DIO_Config
</UL>
<BR>[Called By]<UL><LI><a href="#[61]">&gt;&gt;</a>&nbsp;&nbsp;&nbsp;vInitButton
</UL>

<P><STRONG><a name="[63]"></a>Sys_DIO_IntConfig</STRONG> (Thumb, 48 bytes, Stack size 16 bytes, .\objects\my_func.o(.text.Sys_DIO_IntConfig))
<BR><BR>[Stack]<UL><LI>Max Depth = 16<LI>Call Chain = Sys_DIO_IntConfig
</UL>
<BR>[Called By]<UL><LI><a href="#[61]">&gt;&gt;</a>&nbsp;&nbsp;&nbsp;vInitButton
</UL>

<P><STRONG><a name="[64]"></a>__NVIC_EnableIRQ</STRONG> (Thumb, 48 bytes, Stack size 4 bytes, .\objects\my_func.o(.text.__NVIC_EnableIRQ))
<BR><BR>[Stack]<UL><LI>Max Depth = 4<LI>Call Chain = __NVIC_EnableIRQ
</UL>
<BR>[Called By]<UL><LI><a href="#[61]">&gt;&gt;</a>&nbsp;&nbsp;&nbsp;vInitButton
</UL>

<P><STRONG><a name="[5d]"></a>Sys_ReadNVR4</STRONG> (Thumb, 26 bytes, Stack size 24 bytes, .\objects\system_rsl10.o(.text.Sys_ReadNVR4))
<BR><BR>[Stack]<UL><LI>Max Depth = 24<LI>Call Chain = Sys_ReadNVR4
</UL>
<BR>[Called By]<UL><LI><a href="#[5c]">&gt;&gt;</a>&nbsp;&nbsp;&nbsp;System_GetTargetForTrim
</UL>
<P>
<H3>
Undefined Global Symbols
</H3><HR></body></html>
