Component: ARM Compiler 6.16 Tool: armlink [5dfeaa00]

==============================================================================

Section Cross References

    .\objects\main.o(.text.vTaskCode_ONE) refers to .\objects\main.o(.text.Sys_GPIO_Toggle) for Sys_GPIO_Toggle
    .\objects\main.o(.text.vTaskCode_ONE) refers to .\objects\tasks.o(.text.vTaskDelay) for vTaskDelay
    .\objects\main.o(.ARM.exidx.text.vTaskCode_ONE) refers to .\objects\main.o(.text.vTaskCode_ONE) for [Anonymous Symbol]
    .\objects\main.o(.ARM.exidx.text.Sys_GPIO_Toggle) refers to .\objects\main.o(.text.Sys_GPIO_Toggle) for [Anonymous Symbol]
    .\objects\main.o(.text.vTaskCode_TWO) refers to .\objects\main.o(.text.Sys_GPIO_Toggle) for Sys_GPIO_Toggle
    .\objects\main.o(.text.vTaskCode_TWO) refers to .\objects\tasks.o(.text.vTaskDelay) for vTaskDelay
    .\objects\main.o(.ARM.exidx.text.vTaskCode_TWO) refers to .\objects\main.o(.text.vTaskCode_TWO) for [Anonymous Symbol]
    .\objects\main.o(.text.main) refers to .\objects\my_func.o(.text.vInitXTAL) for vInitXTAL
    .\objects\main.o(.text.main) refers to .\objects\main.o(.text.Sys_DIO_Config) for Sys_DIO_Config
    .\objects\main.o(.text.main) refers to .\objects\my_func.o(.text.vInitPWM) for vInitPWM
    .\objects\main.o(.text.main) refers to .\objects\my_func.o(.text.vInitButton) for vInitButton
    .\objects\main.o(.text.main) refers to .\objects\main.o(.text.vTaskCode_ONE) for vTaskCode_ONE
    .\objects\main.o(.text.main) refers to .\objects\main.o(.rodata.str1.1) for .L.str
    .\objects\main.o(.text.main) refers to .\objects\tasks.o(.text.xTaskCreate) for xTaskCreate
    .\objects\main.o(.text.main) refers to .\objects\main.o(.text.vTaskCode_TWO) for vTaskCode_TWO
    .\objects\main.o(.text.main) refers to .\objects\tasks.o(.text.vTaskStartScheduler) for vTaskStartScheduler
    .\objects\main.o(.ARM.exidx.text.main) refers to .\objects\main.o(.text.main) for [Anonymous Symbol]
    .\objects\main.o(.ARM.exidx.text.Sys_DIO_Config) refers to .\objects\main.o(.text.Sys_DIO_Config) for [Anonymous Symbol]
    .\objects\interrupt.o(.ARM.exidx.text.DIO0_IRQHandler) refers to .\objects\interrupt.o(.text.DIO0_IRQHandler) for [Anonymous Symbol]
    .\objects\my_func.o(.text.vInitXTAL) refers to .\objects\my_func.o(.text.Sys_Clocks_SystemClkConfig) for Sys_Clocks_SystemClkConfig
    .\objects\my_func.o(.ARM.exidx.text.vInitXTAL) refers to .\objects\my_func.o(.text.vInitXTAL) for [Anonymous Symbol]
    .\objects\my_func.o(.text.Sys_Clocks_SystemClkConfig) refers to .\objects\system_rsl10.o(.text.SystemCoreClockUpdate) for SystemCoreClockUpdate
    .\objects\my_func.o(.ARM.exidx.text.Sys_Clocks_SystemClkConfig) refers to .\objects\my_func.o(.text.Sys_Clocks_SystemClkConfig) for [Anonymous Symbol]
    .\objects\my_func.o(.ARM.exidx.text.vInitPWM) refers to .\objects\my_func.o(.text.vInitPWM) for [Anonymous Symbol]
    .\objects\my_func.o(.text.vInitButton) refers to .\objects\my_func.o(.text.Sys_DIO_Config) for Sys_DIO_Config
    .\objects\my_func.o(.text.vInitButton) refers to .\objects\my_func.o(.text.Sys_DIO_IntConfig) for Sys_DIO_IntConfig
    .\objects\my_func.o(.text.vInitButton) refers to .\objects\my_func.o(.text.__NVIC_EnableIRQ) for __NVIC_EnableIRQ
    .\objects\my_func.o(.ARM.exidx.text.vInitButton) refers to .\objects\my_func.o(.text.vInitButton) for [Anonymous Symbol]
    .\objects\my_func.o(.ARM.exidx.text.Sys_DIO_Config) refers to .\objects\my_func.o(.text.Sys_DIO_Config) for [Anonymous Symbol]
    .\objects\my_func.o(.ARM.exidx.text.Sys_DIO_IntConfig) refers to .\objects\my_func.o(.text.Sys_DIO_IntConfig) for [Anonymous Symbol]
    .\objects\my_func.o(.ARM.exidx.text.__NVIC_EnableIRQ) refers to .\objects\my_func.o(.text.__NVIC_EnableIRQ) for [Anonymous Symbol]
    .\objects\rsl10_romvect.o(.ARM.exidx.text.Sys_BootROM_StrictStartApp) refers to .\objects\rsl10_romvect.o(.text.Sys_BootROM_StrictStartApp) for [Anonymous Symbol]
    .\objects\rsl10_sys_adc.o(.text.Sys_ADC_GetGain) refers to .\objects\rsl10_sys_adc.o(.text.Sys_ADC_GetOffsetAndGain) for Sys_ADC_GetOffsetAndGain
    .\objects\rsl10_sys_adc.o(.ARM.exidx.text.Sys_ADC_GetGain) refers to .\objects\rsl10_sys_adc.o(.text.Sys_ADC_GetGain) for [Anonymous Symbol]
    .\objects\rsl10_sys_adc.o(.text.Sys_ADC_GetOffsetAndGain) refers to .\objects\rsl10_sys_adc.o(.rodata.cst8) for .L__const.Sys_ADC_GetOffsetAndGain.validTargets
    .\objects\rsl10_sys_adc.o(.text.Sys_ADC_GetOffsetAndGain) refers to .\objects\rsl10_sys_adc.o(.text.Sys_ReadNVR4) for Sys_ReadNVR4
    .\objects\rsl10_sys_adc.o(.text.Sys_ADC_GetOffsetAndGain) refers to .\objects\rsl10_sys_adc.o(.text.Sys_GetTrim) for Sys_GetTrim
    .\objects\rsl10_sys_adc.o(.ARM.exidx.text.Sys_ADC_GetOffsetAndGain) refers to .\objects\rsl10_sys_adc.o(.text.Sys_ADC_GetOffsetAndGain) for [Anonymous Symbol]
    .\objects\rsl10_sys_adc.o(.text.Sys_ADC_CalibratedConfig) refers to .\objects\rsl10_sys_adc.o(.text.Sys_ADC_GetOffsetAndGain) for Sys_ADC_GetOffsetAndGain
[...]
    Removing .\objects\stream_buffer.o(.ARM.exidx.text.xStreamBufferReceiveCompletedFromISR), (8 bytes).
    Removing .\objects\stream_buffer.o(.text.uxStreamBufferGetStreamBufferNumber), (12 bytes).
    Removing .\objects\stream_buffer.o(.ARM.exidx.text.uxStreamBufferGetStreamBufferNumber), (8 bytes).
    Removing .\objects\stream_buffer.o(.text.vStreamBufferSetStreamBufferNumber), (16 bytes).
    Removing .\objects\stream_buffer.o(.ARM.exidx.text.vStreamBufferSetStreamBufferNumber), (8 bytes).
    Removing .\objects\stream_buffer.o(.text.ucStreamBufferGetStreamBufferType), (16 bytes).
    Removing .\objects\stream_buffer.o(.ARM.exidx.text.ucStreamBufferGetStreamBufferType), (8 bytes).
    Removing .\objects\stream_buffer.o(.text.prvWriteBytesToBuffer), (242 bytes).
    Removing .\objects\stream_buffer.o(.ARM.exidx.text.prvWriteBytesToBuffer), (8 bytes).
    Removing .\objects\tasks.o(.text), (0 bytes).
    Removing .\objects\tasks.o(.ARM.exidx.text.xTaskCreate), (8 bytes).
    Removing .\objects\tasks.o(.ARM.exidx.text.prvInitialiseNewTask), (8 bytes).
    Removing .\objects\tasks.o(.ARM.exidx.text.prvAddNewTaskToReadyList), (8 bytes).
    Removing .\objects\tasks.o(.text.vTaskDelete), (340 bytes).
    Removing .\objects\tasks.o(.ARM.exidx.text.vTaskDelete), (8 bytes).
    Removing .\objects\tasks.o(.ARM.exidx.text.prvResetNextTaskUnblockTime), (8 bytes).
    Removing .\objects\tasks.o(.ARM.exidx.text.prvDeleteTCB), (8 bytes).
    Removing .\objects\tasks.o(.text.xTaskDelayUntil), (278 bytes).
    Removing .\objects\tasks.o(.ARM.exidx.text.xTaskDelayUntil), (8 bytes).
    Removing .\objects\tasks.o(.ARM.exidx.text.vTaskSuspendAll), (8 bytes).
    Removing .\objects\tasks.o(.ARM.exidx.text.prvAddCurrentTaskToDelayedList), (8 bytes).
    Removing .\objects\tasks.o(.ARM.exidx.text.xTaskResumeAll), (8 bytes).
    Removing .\objects\tasks.o(.ARM.exidx.text.vTaskDelay), (8 bytes).
    Removing .\objects\tasks.o(.text.eTaskGetState), (272 bytes).
    Removing .\objects\tasks.o(.ARM.exidx.text.eTaskGetState), (8 bytes).
    Removing .\objects\tasks.o(.text.uxTaskPriorityGet), (56 bytes).
    Removing .\objects\tasks.o(.ARM.exidx.text.uxTaskPriorityGet), (8 bytes).
    Removing .\objects\tasks.o(.text.uxTaskPriorityGetFromISR), (90 bytes).
    Removing .\objects\tasks.o(.ARM.exidx.text.uxTaskPriorityGetFromISR), (8 bytes).
    Removing .\objects\tasks.o(.text.vTaskPrioritySet), (484 bytes).
    Removing .\objects\tasks.o(.ARM.exidx.text.vTaskPrioritySet), (8 bytes).
    Removing .\objects\tasks.o(.text.vTaskSuspend), (378 bytes).
    Removing .\objects\tasks.o(.ARM.exidx.text.vTaskSuspend), (8 bytes).
    Removing .\objects\tasks.o(.ARM.exidx.text.vTaskSwitchContext), (8 bytes).
    Removing .\objects\tasks.o(.text.vTaskResume), (264 bytes).
    Removing .\objects\tasks.o(.ARM.exidx.text.vTaskResume), (8 bytes).
    Removing .\objects\tasks.o(.text.prvTaskIsTaskSuspended), (106 bytes).
    Removing .\objects\tasks.o(.ARM.exidx.text.prvTaskIsTaskSuspended), (8 bytes).
    Removing .\objects\tasks.o(.text.xTaskResumeFromISR), (304 bytes).
    Removing .\objects\tasks.o(.ARM.exidx.text.xTaskResumeFromISR), (8 bytes).
    Removing .\objects\tasks.o(.ARM.exidx.text.vTaskStartScheduler), (8 bytes).
    Removing .\objects\tasks.o(.ARM.exidx.text.prvIdleTask), (8 bytes).
    Removing .\objects\tasks.o(.text.vTaskEndScheduler), (42 bytes).
    Removing .\objects\tasks.o(.ARM.exidx.text.vTaskEndScheduler), (8 bytes).
    Removing .\objects\tasks.o(.ARM.exidx.text.xTaskIncrementTick), (8 bytes).
    Removing .\objects\tasks.o(.ARM.exidx.text.xTaskGetTickCount), (8 bytes).
    Removing .\objects\tasks.o(.text.xTaskGetTickCountFromISR), (30 bytes).
    Removing .\objects\tasks.o(.ARM.exidx.text.xTaskGetTickCountFromISR), (8 bytes).
    Removing .\objects\tasks.o(.text.uxTaskGetNumberOfTasks), (12 bytes).
    Removing .\objects\tasks.o(.ARM.exidx.text.uxTaskGetNumberOfTasks), (8 bytes).
    Removing .\objects\tasks.o(.text.pcTaskGetName), (70 bytes).
    Removing .\objects\tasks.o(.ARM.exidx.text.pcTaskGetName), (8 bytes).
    Removing .\objects\tasks.o(.text.xTaskGetHandle), (210 bytes).
    Removing .\objects\tasks.o(.ARM.exidx.text.xTaskGetHandle), (8 bytes).
    Removing .\objects\tasks.o(.text.prvSearchForNameWithinSingleList), (228 bytes).
    Removing .\objects\tasks.o(.ARM.exidx.text.prvSearchForNameWithinSingleList), (8 bytes).
    Removing .\objects\tasks.o(.text.uxTaskGetSystemState), (272 bytes).
    Removing .\objects\tasks.o(.ARM.exidx.text.uxTaskGetSystemState), (8 bytes).
    Removing .\objects\tasks.o(.text.prvListTasksWithinSingleList), (164 bytes).
    Removing .\objects\tasks.o(.ARM.exidx.text.prvListTasksWithinSingleList), (8 bytes).
    Removing .\objects\tasks.o(.text.xTaskGetIdleTaskHandle), (52 bytes).
    Removing .\objects\tasks.o(.ARM.exidx.text.xTaskGetIdleTaskHandle), (8 bytes).
    Removing .\objects\tasks.o(.ARM.exidx.text.vTaskStepTick), (8 bytes).
    Removing .\objects\tasks.o(.text.xTaskCatchUpTicks), (74 bytes).
    Removing .\objects\tasks.o(.ARM.exidx.text.xTaskCatchUpTicks), (8 bytes).
    Removing .\objects\tasks.o(.text.xTaskAbortDelay), (270 bytes).
    Removing .\objects\tasks.o(.ARM.exidx.text.xTaskAbortDelay), (8 bytes).
    Removing .\objects\tasks.o(.ARM.exidx.text.vTaskPlaceOnEventList), (8 bytes).
    Removing .\objects\tasks.o(.text.vTaskPlaceOnUnorderedEventList), (156 bytes).
    Removing .\objects\tasks.o(.ARM.exidx.text.vTaskPlaceOnUnorderedEventList), (8 bytes).
    Removing .\objects\tasks.o(.ARM.exidx.text.vTaskPlaceOnEventListRestricted), (8 bytes).
    Removing .\objects\tasks.o(.ARM.exidx.text.xTaskRemoveFromEventList), (8 bytes).
    Removing .\objects\tasks.o(.text.vTaskRemoveFromUnorderedEventList), (362 bytes).
    Removing .\objects\tasks.o(.ARM.exidx.text.vTaskRemoveFromUnorderedEventList), (8 bytes).
    Removing .\objects\tasks.o(.text.vTaskSetTimeOutState), (74 bytes).
    Removing .\objects\tasks.o(.ARM.exidx.text.vTaskSetTimeOutState), (8 bytes).
    Removing .\objects\tasks.o(.ARM.exidx.text.vTaskInternalSetTimeOutState), (8 bytes).
    Removing .\objects\tasks.o(.ARM.exidx.text.xTaskCheckForTimeOut), (8 bytes).
    Removing .\objects\tasks.o(.ARM.exidx.text.vTaskMissedYield), (8 bytes).
    Removing .\objects\tasks.o(.text.uxTaskGetTaskNumber), (34 bytes).
    Removing .\objects\tasks.o(.ARM.exidx.text.uxTaskGetTaskNumber), (8 bytes).
    Removing .\objects\tasks.o(.text.vTaskSetTaskNumber), (28 bytes).
    Removing .\objects\tasks.o(.ARM.exidx.text.vTaskSetTaskNumber), (8 bytes).
    Removing .\objects\tasks.o(.ARM.exidx.text.eTaskConfirmSleepModeStatus), (8 bytes).
    Removing .\objects\tasks.o(.text.vTaskGetInfo), (224 bytes).
    Removing .\objects\tasks.o(.ARM.exidx.text.vTaskGetInfo), (8 bytes).
    Removing .\objects\tasks.o(.text.prvTaskCheckFreeStackSpace), (48 bytes).
    Removing .\objects\tasks.o(.ARM.exidx.text.prvTaskCheckFreeStackSpace), (8 bytes).
    Removing .\objects\tasks.o(.text.uxTaskGetStackHighWaterMark2), (60 bytes).
    Removing .\objects\tasks.o(.ARM.exidx.text.uxTaskGetStackHighWaterMark2), (8 bytes).
    Removing .\objects\tasks.o(.text.uxTaskGetStackHighWaterMark), (56 bytes).
    Removing .\objects\tasks.o(.ARM.exidx.text.uxTaskGetStackHighWaterMark), (8 bytes).
    Removing .\objects\tasks.o(.text.xTaskGetCurrentTaskHandle), (20 bytes).
    Removing .\objects\tasks.o(.ARM.exidx.text.xTaskGetCurrentTaskHandle), (8 bytes).
    Removing .\objects\tasks.o(.ARM.exidx.text.xTaskGetSchedulerState), (8 bytes).
    Removing .\objects\tasks.o(.text.xTaskPriorityInherit), (348 bytes).
    Removing .\objects\tasks.o(.ARM.exidx.text.xTaskPriorityInherit), (8 bytes).
    Removing .\objects\tasks.o(.ARM.exidx.text.xTaskPriorityDisinherit), (8 bytes).
    Removing .\objects\tasks.o(.text.vTaskPriorityDisinheritAfterTimeout), (386 bytes).
    Removing .\objects\tasks.o(.ARM.exidx.text.vTaskPriorityDisinheritAfterTimeout), (8 bytes).
    Removing .\objects\tasks.o(.text.uxTaskResetEventItemValue), (34 bytes).
    Removing .\objects\tasks.o(.ARM.exidx.text.uxTaskResetEventItemValue), (8 bytes).
    Removing .\objects\tasks.o(.text.pvTaskIncrementMutexHeldCount), (44 bytes).
    Removing .\objects\tasks.o(.ARM.exidx.text.pvTaskIncrementMutexHeldCount), (8 bytes).
    Removing .\objects\tasks.o(.text.ulTaskGenericNotifyTake), (248 bytes).
    Removing .\objects\tasks.o(.ARM.exidx.text.ulTaskGenericNotifyTake), (8 bytes).
    Removing .\objects\tasks.o(.text.xTaskGenericNotifyWait), (280 bytes).
    Removing .\objects\tasks.o(.ARM.exidx.text.xTaskGenericNotifyWait), (8 bytes).
    Removing .\objects\tasks.o(.text.xTaskGenericNotify), (558 bytes).
    Removing .\objects\tasks.o(.ARM.exidx.text.xTaskGenericNotify), (8 bytes).
    Removing .\objects\tasks.o(.text.xTaskGenericNotifyFromISR), (668 bytes).
    Removing .\objects\tasks.o(.ARM.exidx.text.xTaskGenericNotifyFromISR), (8 bytes).
    Removing .\objects\tasks.o(.text.vTaskGenericNotifyGiveFromISR), (498 bytes).
    Removing .\objects\tasks.o(.ARM.exidx.text.vTaskGenericNotifyGiveFromISR), (8 bytes).
    Removing .\objects\tasks.o(.text.xTaskGenericNotifyStateClear), (120 bytes).
    Removing .\objects\tasks.o(.ARM.exidx.text.xTaskGenericNotifyStateClear), (8 bytes).
    Removing .\objects\tasks.o(.text.ulTaskGenericNotifyValueClear), (82 bytes).
    Removing .\objects\tasks.o(.ARM.exidx.text.ulTaskGenericNotifyValueClear), (8 bytes).
    Removing .\objects\tasks.o(.ARM.exidx.text.prvInitialiseTaskLists), (8 bytes).
    Removing .\objects\tasks.o(.ARM.exidx.text.prvCheckTasksWaitingTermination), (8 bytes).
    Removing .\objects\tasks.o(.ARM.exidx.text.prvGetExpectedIdleTime), (8 bytes).
    Removing .\objects\croutine.o(.text), (0 bytes).
    Removing .\objects\timers.o(.text), (0 bytes).
    Removing .\objects\timers.o(.ARM.exidx.text.xTimerCreateTimerTask), (8 bytes).
    Removing .\objects\timers.o(.ARM.exidx.text.prvCheckForValidListAndQueue), (8 bytes).
    Removing .\objects\timers.o(.ARM.exidx.text.prvTimerTask), (8 bytes).
    Removing .\objects\timers.o(.text.xTimerCreate), (74 bytes).
    Removing .\objects\timers.o(.ARM.exidx.text.xTimerCreate), (8 bytes).
    Removing .\objects\timers.o(.text.prvInitialiseNewTimer), (110 bytes).
    Removing .\objects\timers.o(.ARM.exidx.text.prvInitialiseNewTimer), (8 bytes).
    Removing .\objects\timers.o(.text.xTimerGenericCommand), (176 bytes).
    Removing .\objects\timers.o(.ARM.exidx.text.xTimerGenericCommand), (8 bytes).
    Removing .\objects\timers.o(.text.xTimerGetTimerDaemonTaskHandle), (52 bytes).
    Removing .\objects\timers.o(.ARM.exidx.text.xTimerGetTimerDaemonTaskHandle), (8 bytes).
    Removing .\objects\timers.o(.text.xTimerGetPeriod), (44 bytes).
    Removing .\objects\timers.o(.ARM.exidx.text.xTimerGetPeriod), (8 bytes).
    Removing .\objects\timers.o(.text.vTimerSetReloadMode), (90 bytes).
    Removing .\objects\timers.o(.ARM.exidx.text.vTimerSetReloadMode), (8 bytes).
    Removing .\objects\timers.o(.text.uxTimerGetReloadMode), (78 bytes).
    Removing .\objects\timers.o(.ARM.exidx.text.uxTimerGetReloadMode), (8 bytes).
    Removing .\objects\timers.o(.text.xTimerGetExpiryTime), (48 bytes).
    Removing .\objects\timers.o(.ARM.exidx.text.xTimerGetExpiryTime), (8 bytes).
    Removing .\objects\timers.o(.text.pcTimerGetName), (44 bytes).
    Removing .\objects\timers.o(.ARM.exidx.text.pcTimerGetName), (8 bytes).
    Removing .\objects\timers.o(.text.xTimerIsTimerActive), (76 bytes).
    Removing .\objects\timers.o(.ARM.exidx.text.xTimerIsTimerActive), (8 bytes).
    Removing .\objects\timers.o(.text.pvTimerGetTimerID), (58 bytes).
    Removing .\objects\timers.o(.ARM.exidx.text.pvTimerGetTimerID), (8 bytes).
    Removing .\objects\timers.o(.text.vTimerSetTimerID), (58 bytes).
    Removing .\objects\timers.o(.ARM.exidx.text.vTimerSetTimerID), (8 bytes).
    Removing .\objects\timers.o(.text.xTimerPendFunctionCallFromISR), (58 bytes).
    Removing .\objects\timers.o(.ARM.exidx.text.xTimerPendFunctionCallFromISR), (8 bytes).
    Removing .\objects\timers.o(.text.xTimerPendFunctionCall), (94 bytes).
    Removing .\objects\timers.o(.ARM.exidx.text.xTimerPendFunctionCall), (8 bytes).
    Removing .\objects\timers.o(.text.uxTimerGetTimerNumber), (12 bytes).
    Removing .\objects\timers.o(.ARM.exidx.text.uxTimerGetTimerNumber), (8 bytes).
    Removing .\objects\timers.o(.text.vTimerSetTimerNumber), (16 bytes).
    Removing .\objects\timers.o(.ARM.exidx.text.vTimerSetTimerNumber), (8 bytes).
    Removing .\objects\timers.o(.ARM.exidx.text.prvGetNextExpireTime), (8 bytes).
    Removing .\objects\timers.o(.ARM.exidx.text.prvProcessTimerOrBlockTask), (8 bytes).
    Removing .\objects\timers.o(.ARM.exidx.text.prvProcessReceivedCommands), (8 bytes).
    Removing .\objects\timers.o(.ARM.exidx.text.prvSampleTimeNow), (8 bytes).
    Removing .\objects\timers.o(.ARM.exidx.text.prvProcessExpiredTimer), (8 bytes).
    Removing .\objects\timers.o(.ARM.exidx.text.prvSwitchTimerLists), (8 bytes).
    Removing .\objects\timers.o(.ARM.exidx.text.prvReloadTimer), (8 bytes).
    Removing .\objects\timers.o(.ARM.exidx.text.prvInsertTimerInActiveList), (8 bytes).
    Removing C:\Keil_v5\ARM\ARMCLANG\Bin\..\lib\armlib\mf_w.l(dadd.o)(.text), (334 bytes).
    Removing C:\Keil_v5\ARM\ARMCLANG\Bin\..\lib\armlib\mf_w.l(ddiv.o)(.text), (222 bytes).
    Removing C:\Keil_v5\ARM\ARMCLANG\Bin\..\lib\armlib\mf_w.l(dflti.o)(.text), (34 bytes).
    Removing C:\Keil_v5\ARM\ARMCLANG\Bin\..\lib\armlib\mf_w.l(dfixi.o)(.text), (62 bytes).
    Removing C:\Keil_v5\ARM\ARMCLANG\Bin\..\lib\armlib\mf_w.l(depilogue.o)(.text), (186 bytes).

523 unused section(s) (total 35261 bytes) removed from the image.

==============================================================================

Image Symbol Table

    Local Symbols

    Symbol Name                              Value     Ov Type        Size  Object(Section)

    ../clib/microlib/division.c              0x00000000   Number         0  C:\Keil_v5\ARM\ARMCLANG\Bin\..\lib\armlib\mc_w.l(ldiv.o) ABSOLUTE
    ../clib/microlib/division.c              0x00000000   Number         0  C:\Keil_v5\ARM\ARMCLANG\Bin\..\lib\armlib\mc_w.l(uldiv.o) ABSOLUTE
    ../clib/microlib/init/entry.s            0x00000000   Number         0  C:\Keil_v5\ARM\ARMCLANG\Bin\..\lib\armlib\mc_w.l(entry.o) ABSOLUTE
    ../clib/microlib/init/entry.s            0x00000000   Number         0  C:\Keil_v5\ARM\ARMCLANG\Bin\..\lib\armlib\mc_w.l(entry4.o) ABSOLUTE
    ../clib/microlib/init/entry.s            0x00000000   Number         0  C:\Keil_v5\ARM\ARMCLANG\Bin\..\lib\armlib\mc_w.l(entry5.o) ABSOLUTE
    ../clib/microlib/init/entry.s            0x00000000   Number         0  C:\Keil_v5\ARM\ARMCLANG\Bin\..\lib\armlib\mc_w.l(entry7a.o) ABSOLUTE
    ../clib/microlib/init/entry.s            0x00000000   Number         0  C:\Keil_v5\ARM\ARMCLANG\Bin\..\lib\armlib\mc_w.l(entry7b.o) ABSOLUTE
    ../clib/microlib/init/entry.s            0x00000000   Number         0  C:\Keil_v5\ARM\ARMCLANG\Bin\..\lib\armlib\mc_w.l(entry8a.o) ABSOLUTE
    ../clib/microlib/init/entry.s            0x00000000   Number         0  C:\Keil_v5\ARM\ARMCLANG\Bin\..\lib\armlib\mc_w.l(entry8b.o) ABSOLUTE
    ../clib/microlib/init/entry.s            0x00000000   Number         0  C:\Keil_v5\ARM\ARMCLANG\Bin\..\lib\armlib\mc_w.l(entry9a.o) ABSOLUTE
    ../clib/microlib/init/entry.s            0x00000000   Number         0  C:\Keil_v5\ARM\ARMCLANG\Bin\..\lib\armlib\mc_w.l(entry9b.o) ABSOLUTE
    ../clib/microlib/init/entry.s            0x00000000   Number         0  C:\Keil_v5\ARM\ARMCLANG\Bin\..\lib\armlib\mc_w.l(entry10a.o) ABSOLUTE
    ../clib/microlib/init/entry.s            0x00000000   Number         0  C:\Keil_v5\ARM\ARMCLANG\Bin\..\lib\armlib\mc_w.l(entry10b.o) ABSOLUTE
    ../clib/microlib/init/entry.s            0x00000000   Number         0  C:\Keil_v5\ARM\ARMCLANG\Bin\..\lib\armlib\mc_w.l(entry11a.o) ABSOLUTE
    ../clib/microlib/init/entry.s            0x00000000   Number         0  C:\Keil_v5\ARM\ARMCLANG\Bin\..\lib\armlib\mc_w.l(entry11b.o) ABSOLUTE
    ../clib/microlib/longlong.c              0x00000000   Number         0  C:\Keil_v5\ARM\ARMCLANG\Bin\..\lib\armlib\mc_w.l(llshl.o) ABSOLUTE
    ../clib/microlib/longlong.c              0x00000000   Number         0  C:\Keil_v5\ARM\ARMCLANG\Bin\..\lib\armlib\mc_w.l(llushr.o) ABSOLUTE
    ../clib/microlib/longlong.c              0x00000000   Number         0  C:\Keil_v5\ARM\ARMCLANG\Bin\..\lib\armlib\mc_w.l(llsshr.o) ABSOLUTE
    ../clib/microlib/string/memcmp.c         0x00000000   Number         0  C:\Keil_v5\ARM\ARMCLANG\Bin\..\lib\armlib\mc_w.l(memcmp.o) ABSOLUTE
    ../clib/microlib/string/memcpy.c         0x00000000   Number         0  C:\Keil_v5\ARM\ARMCLANG\Bin\..\lib\armlib\mc_w.l(memcpya.o) ABSOLUTE
    ../clib/microlib/string/memcpy.c         0x00000000   Number         0  C:\Keil_v5\ARM\ARMCLANG\Bin\..\lib\armlib\mc_w.l(memcpyb.o) ABSOLUTE
    ../clib/microlib/string/memset.c         0x00000000   Number         0  C:\Keil_v5\ARM\ARMCLANG\Bin\..\lib\armlib\mc_w.l(memseta.o) ABSOLUTE
    ../clib/microlib/string/strlen.c         0x00000000   Number         0  C:\Keil_v5\ARM\ARMCLANG\Bin\..\lib\armlib\mc_w.l(strlen.o) ABSOLUTE
    ../clib/microlib/stubs.s                 0x00000000   Number         0  C:\Keil_v5\ARM\ARMCLANG\Bin\..\lib\armlib\mc_w.l(iusefp.o) ABSOLUTE
    ../fplib/microlib/fpadd.c                0x00000000   Number         0  C:\Keil_v5\ARM\ARMCLANG\Bin\..\lib\armlib\mf_w.l(dadd.o) ABSOLUTE
    ../fplib/microlib/fpdiv.c                0x00000000   Number         0  C:\Keil_v5\ARM\ARMCLANG\Bin\..\lib\armlib\mf_w.l(ddiv.o) ABSOLUTE
    ../fplib/microlib/fpepilogue.c           0x00000000   Number         0  C:\Keil_v5\ARM\ARMCLANG\Bin\..\lib\armlib\mf_w.l(depilogue.o) ABSOLUTE
    ../fplib/microlib/fpfix.c                0x00000000   Number         0  C:\Keil_v5\ARM\ARMCLANG\Bin\..\lib\armlib\mf_w.l(dfixi.o) ABSOLUTE
    ../fplib/microlib/fpflt.c                0x00000000   Number         0  C:\Keil_v5\ARM\ARMCLANG\Bin\..\lib\armlib\mf_w.l(dflti.o) ABSOLUTE
    RTE/Device/RSL10/startup_rsl10.s         0x00000000   Number         0  .\objects\startup_rsl10.o ABSOLUTE
    croutine.c                               0x00000000   Number         0  .\objects\croutine.o ABSOLUTE
    dc.s                                     0x00000000   Number         0  C:\Keil_v5\ARM\ARMCLANG\Bin\..\lib\armlib\mc_w.l(dc.o) ABSOLUTE
    event_groups.c                           0x00000000   Number         0  .\objects\event_groups.o ABSOLUTE
    freertos_evr.c                           0x00000000   Number         0  .\objects\freertos_evr.o ABSOLUTE
    handlers.s                               0x00000000   Number         0  C:\Keil_v5\ARM\ARMCLANG\Bin\..\lib\armlib\mc_w.l(handlers.o) ABSOLUTE
    heap_4.c                                 0x00000000   Number         0  .\objects\heap_4.o ABSOLUTE
    init.s                                   0x00000000   Number         0  C:\Keil_v5\ARM\ARMCLANG\Bin\..\lib\armlib\mc_w.l(init.o) ABSOLUTE
    interrupt.c                              0x00000000   Number         0  .\objects\interrupt.o ABSOLUTE
    list.c                                   0x00000000   Number         0  .\objects\list.o ABSOLUTE
    main.c                                   0x00000000   Number         0  .\objects\main.o ABSOLUTE
    my_func.c                                0x00000000   Number         0  .\objects\my_func.o ABSOLUTE
    port.c                                   0x00000000   Number         0  .\objects\port.o ABSOLUTE
    queue.c                                  0x00000000   Number         0  .\objects\queue.o ABSOLUTE
    rsl10_protocol.c                         0x00000000   Number         0  .\objects\rsl10_protocol.o ABSOLUTE
    rsl10_romvect.c                          0x00000000   Number         0  .\objects\rsl10_romvect.o ABSOLUTE
    rsl10_sys_adc.c                          0x00000000   Number         0  .\objects\rsl10_sys_adc.o ABSOLUTE
    rsl10_sys_asrc.c                         0x00000000   Number         0  .\objects\rsl10_sys_asrc.o ABSOLUTE
    rsl10_sys_audio.c                        0x00000000   Number         0  .\objects\rsl10_sys_audio.o ABSOLUTE
    rsl10_sys_clocks.c                       0x00000000   Number         0  .\objects\rsl10_sys_clocks.o ABSOLUTE
    rsl10_sys_crc.c                          0x00000000   Number         0  .\objects\rsl10_sys_crc.o ABSOLUTE
    rsl10_sys_dma.c                          0x00000000   Number         0  .\objects\rsl10_sys_dma.o ABSOLUTE
    rsl10_sys_flash.c                        0x00000000   Number         0  .\objects\rsl10_sys_flash.o ABSOLUTE
    rsl10_sys_power.c                        0x00000000   Number         0  .\objects\rsl10_sys_power.o ABSOLUTE
    rsl10_sys_power_modes.c                  0x00000000   Number         0  .\objects\rsl10_sys_power_modes.o ABSOLUTE
    rsl10_sys_rffe.c                         0x00000000   Number         0  .\objects\rsl10_sys_rffe.o ABSOLUTE
    rsl10_sys_timers.c                       0x00000000   Number         0  .\objects\rsl10_sys_timers.o ABSOLUTE
    rsl10_sys_uart.c                         0x00000000   Number         0  .\objects\rsl10_sys_uart.o ABSOLUTE
    rsl10_sys_version.c                      0x00000000   Number         0  .\objects\rsl10_sys_version.o ABSOLUTE
    stream_buffer.c                          0x00000000   Number         0  .\objects\stream_buffer.o ABSOLUTE
    system_rsl10.c                           0x00000000   Number         0  .\objects\system_rsl10.o ABSOLUTE
    tasks.c                                  0x00000000   Number         0  .\objects\tasks.o ABSOLUTE
    timers.c                                 0x00000000   Number         0  .\objects\timers.o ABSOLUTE
    RESET                                    0x00100000   Section      400  .\objects\startup_rsl10.o(RESET)
    .ARM.Collect$$$$00000000                 0x00100190   Section        0  C:\Keil_v5\ARM\ARMCLANG\Bin\..\lib\armlib\mc_w.l(entry.o)(.ARM.Collect$$$$00000000)
    .ARM.Collect$$$$00000003                 0x00100190   Section        4  C:\Keil_v5\ARM\ARMCLANG\Bin\..\lib\armlib\mc_w.l(entry4.o)(.ARM.Collect$$$$00000003)
    .ARM.Collect$$$$00000004                 0x00100194   Section        4  C:\Keil_v5\ARM\ARMCLANG\Bin\..\lib\armlib\mc_w.l(entry5.o)(.ARM.Collect$$$$00000004)
    .ARM.Collect$$$$00000008                 0x00100198   Section        0  C:\Keil_v5\ARM\ARMCLANG\Bin\..\lib\armlib\mc_w.l(entry7b.o)(.ARM.Collect$$$$00000008)
    .ARM.Collect$$$$0000000A                 0x00100198   Section        0  C:\Keil_v5\ARM\ARMCLANG\Bin\..\lib\armlib\mc_w.l(entry8b.o)(.ARM.Collect$$$$0000000A)
    .ARM.Collect$$$$0000000B                 0x00100198   Section        8  C:\Keil_v5\ARM\ARMCLANG\Bin\..\lib\armlib\mc_w.l(entry9a.o)(.ARM.Collect$$$$0000000B)
    __lit__00000000                          0x001001a0   Data           4  C:\Keil_v5\ARM\ARMCLANG\Bin\..\lib\armlib\mc_w.l(entry4.o)(.ARM.Collect$$$$00002714)
    .ARM.Collect$$$$0000000D                 0x001001a0   Section        0  C:\Keil_v5\ARM\ARMCLANG\Bin\..\lib\armlib\mc_w.l(entry10a.o)(.ARM.Collect$$$$0000000D)
    .ARM.Collect$$$$0000000F                 0x001001a0   Section        0  C:\Keil_v5\ARM\ARMCLANG\Bin\..\lib\armlib\mc_w.l(entry11a.o)(.ARM.Collect$$$$0000000F)
    .ARM.Collect$$$$00002714                 0x001001a0   Section        4  C:\Keil_v5\ARM\ARMCLANG\Bin\..\lib\armlib\mc_w.l(entry4.o)(.ARM.Collect$$$$00002714)
    .text                                    0x001001a4   Section        0  C:\Keil_v5\ARM\ARMCLANG\Bin\..\lib\armlib\mc_w.l(memcpya.o)(.text)
    .text                                    0x001001c8   Section        0  C:\Keil_v5\ARM\ARMCLANG\Bin\..\lib\armlib\mc_w.l(memseta.o)(.text)
    .text                                    0x001001ec   Section       36  C:\Keil_v5\ARM\ARMCLANG\Bin\..\lib\armlib\mc_w.l(init.o)(.text)
    [Anonymous Symbol]                       0x00100210   Section        0  .\objects\interrupt.o(.text.DIO0_IRQHandler)
    [Anonymous Symbol]                       0x00100240   Section        0  .\objects\port.o(.text.PendSV_Handler)
    pxCurrentTCBConst                        0x00100280   Number         0  .\objects\port.o(.text.PendSV_Handler)
    [Anonymous Symbol]                       0x00100290   Section        0  .\objects\port.o(.text.SVC_Handler)
    pxCurrentTCBConst2                       0x001002b0   Number         0  .\objects\port.o(.text.SVC_Handler)
    [Anonymous Symbol]                       0x001002b4   Section        0  .\objects\port.o(.text.SysTick_Handler)
    Sys_Clocks_SystemClkConfig               0x001002f1   Thumb Code    44  .\objects\my_func.o(.text.Sys_Clocks_SystemClkConfig)
    [Anonymous Symbol]                       0x001002f0   Section        0  .\objects\my_func.o(.text.Sys_Clocks_SystemClkConfig)
    Sys_DIO_Config                           0x0010031d   Thumb Code    26  .\objects\main.o(.text.Sys_DIO_Config)
    [Anonymous Symbol]                       0x0010031c   Section        0  .\objects\main.o(.text.Sys_DIO_Config)
    Sys_DIO_Config                           0x00100339   Thumb Code    26  .\objects\my_func.o(.text.Sys_DIO_Config)
    [Anonymous Symbol]                       0x00100338   Section        0  .\objects\my_func.o(.text.Sys_DIO_Config)
    Sys_DIO_IntConfig                        0x00100355   Thumb Code    48  .\objects\my_func.o(.text.Sys_DIO_IntConfig)
    [Anonymous Symbol]                       0x00100354   Section        0  .\objects\my_func.o(.text.Sys_DIO_IntConfig)
    Sys_GPIO_Toggle                          0x00100385   Thumb Code    56  .\objects\main.o(.text.Sys_GPIO_Toggle)
    [Anonymous Symbol]                       0x00100384   Section        0  .\objects\main.o(.text.Sys_GPIO_Toggle)
    Sys_ReadNVR4                             0x001003bd   Thumb Code    26  .\objects\system_rsl10.o(.text.Sys_ReadNVR4)
    [Anonymous Symbol]                       0x001003bc   Section        0  .\objects\system_rsl10.o(.text.Sys_ReadNVR4)
    [Anonymous Symbol]                       0x001003d8   Section        0  .\objects\system_rsl10.o(.text.SystemCoreClockUpdate)
    [Anonymous Symbol]                       0x00100720   Section        0  .\objects\system_rsl10.o(.text.SystemInit)
    [Anonymous Symbol]                       0x00100764   Section        0  .\objects\system_rsl10.o(.text.System_GetTargetForTrim)
    __NVIC_EnableIRQ                         0x001007e1   Thumb Code    48  .\objects\my_func.o(.text.__NVIC_EnableIRQ)
    [Anonymous Symbol]                       0x001007e0   Section        0  .\objects\my_func.o(.text.__NVIC_EnableIRQ)
    [Anonymous Symbol]                       0x00100810   Section        0  .\objects\tasks.o(.text.eTaskConfirmSleepModeStatus)
    [Anonymous Symbol]                       0x00100890   Section        0  .\objects\main.o(.text.main)
    prvAddCurrentTaskToDelayedList           0x0010091d   Thumb Code   290  .\objects\tasks.o(.text.prvAddCurrentTaskToDelayedList)
    [Anonymous Symbol]                       0x0010091c   Section        0  .\objects\tasks.o(.text.prvAddCurrentTaskToDelayedList)
    prvAddNewTaskToReadyList                 0x00100a41   Thumb Code   340  .\objects\tasks.o(.text.prvAddNewTaskToReadyList)
    [Anonymous Symbol]                       0x00100a40   Section        0  .\objects\tasks.o(.text.prvAddNewTaskToReadyList)
    prvCheckForValidListAndQueue             0x00100b95   Thumb Code   106  .\objects\timers.o(.text.prvCheckForValidListAndQueue)
    [Anonymous Symbol]                       0x00100b94   Section        0  .\objects\timers.o(.text.prvCheckForValidListAndQueue)
    prvCheckTasksWaitingTermination          0x00100c01   Thumb Code    90  .\objects\tasks.o(.text.prvCheckTasksWaitingTermination)
    [Anonymous Symbol]                       0x00100c00   Section        0  .\objects\tasks.o(.text.prvCheckTasksWaitingTermination)
    prvCopyDataFromQueue                     0x00100c5d   Thumb Code    66  .\objects\queue.o(.text.prvCopyDataFromQueue)
    [Anonymous Symbol]                       0x00100c5c   Section        0  .\objects\queue.o(.text.prvCopyDataFromQueue)
    prvCopyDataToQueue                       0x00100ca1   Thumb Code   204  .\objects\queue.o(.text.prvCopyDataToQueue)
    [Anonymous Symbol]                       0x00100ca0   Section        0  .\objects\queue.o(.text.prvCopyDataToQueue)
    prvDeleteTCB                             0x00100d6d   Thumb Code    24  .\objects\tasks.o(.text.prvDeleteTCB)
    [Anonymous Symbol]                       0x00100d6c   Section        0  .\objects\tasks.o(.text.prvDeleteTCB)
    prvGetExpectedIdleTime                   0x00100d85   Thumb Code   124  .\objects\tasks.o(.text.prvGetExpectedIdleTime)
    [Anonymous Symbol]                       0x00100d84   Section        0  .\objects\tasks.o(.text.prvGetExpectedIdleTime)
    prvGetNextExpireTime                     0x00100e01   Thumb Code    64  .\objects\timers.o(.text.prvGetNextExpireTime)
    [Anonymous Symbol]                       0x00100e00   Section        0  .\objects\timers.o(.text.prvGetNextExpireTime)
    prvHeapInit                              0x00100e41   Thumb Code   188  .\objects\heap_4.o(.text.prvHeapInit)
    [Anonymous Symbol]                       0x00100e40   Section        0  .\objects\heap_4.o(.text.prvHeapInit)
    prvIdleTask                              0x00100efd   Thumb Code   154  .\objects\tasks.o(.text.prvIdleTask)
    [Anonymous Symbol]                       0x00100efc   Section        0  .\objects\tasks.o(.text.prvIdleTask)
    prvInitialiseNewQueue                    0x00100f99   Thumb Code    78  .\objects\queue.o(.text.prvInitialiseNewQueue)
    [Anonymous Symbol]                       0x00100f98   Section        0  .\objects\queue.o(.text.prvInitialiseNewQueue)
    prvInitialiseNewTask                     0x00100fe9   Thumb Code   326  .\objects\tasks.o(.text.prvInitialiseNewTask)
    [Anonymous Symbol]                       0x00100fe8   Section        0  .\objects\tasks.o(.text.prvInitialiseNewTask)
    prvInitialiseTaskLists                   0x00101131   Thumb Code   142  .\objects\tasks.o(.text.prvInitialiseTaskLists)
    [Anonymous Symbol]                       0x00101130   Section        0  .\objects\tasks.o(.text.prvInitialiseTaskLists)
    prvInsertBlockIntoFreeList               0x001011c1   Thumb Code   198  .\objects\heap_4.o(.text.prvInsertBlockIntoFreeList)
    [Anonymous Symbol]                       0x001011c0   Section        0  .\objects\heap_4.o(.text.prvInsertBlockIntoFreeList)
    prvInsertTimerInActiveList               0x00101289   Thumb Code   134  .\objects\timers.o(.text.prvInsertTimerInActiveList)
    [Anonymous Symbol]                       0x00101288   Section        0  .\objects\timers.o(.text.prvInsertTimerInActiveList)
    prvIsQueueEmpty                          0x00101311   Thumb Code    40  .\objects\queue.o(.text.prvIsQueueEmpty)
    [Anonymous Symbol]                       0x00101310   Section        0  .\objects\queue.o(.text.prvIsQueueEmpty)
    prvNotifyQueueSetContainer               0x00101339   Thumb Code   216  .\objects\queue.o(.text.prvNotifyQueueSetContainer)
    [Anonymous Symbol]                       0x00101338   Section        0  .\objects\queue.o(.text.prvNotifyQueueSetContainer)
    prvPortStartFirstTask                    0x00101411   Thumb Code    32  .\objects\port.o(.text.prvPortStartFirstTask)
    [Anonymous Symbol]                       0x00101410   Section        0  .\objects\port.o(.text.prvPortStartFirstTask)
    prvProcessExpiredTimer                   0x00101431   Thumb Code    84  .\objects\timers.o(.text.prvProcessExpiredTimer)
    [Anonymous Symbol]                       0x00101430   Section        0  .\objects\timers.o(.text.prvProcessExpiredTimer)
    prvProcessReceivedCommands               0x00101485   Thumb Code   384  .\objects\timers.o(.text.prvProcessReceivedCommands)
    [Anonymous Symbol]                       0x00101484   Section        0  .\objects\timers.o(.text.prvProcessReceivedCommands)
    prvProcessTimerOrBlockTask               0x00101605   Thumb Code   154  .\objects\timers.o(.text.prvProcessTimerOrBlockTask)
    [Anonymous Symbol]                       0x00101604   Section        0  .\objects\timers.o(.text.prvProcessTimerOrBlockTask)
    prvReloadTimer                           0x001016a1   Thumb Code    52  .\objects\timers.o(.text.prvReloadTimer)
    [Anonymous Symbol]                       0x001016a0   Section        0  .\objects\timers.o(.text.prvReloadTimer)
    prvResetNextTaskUnblockTime              0x001016d5   Thumb Code    60  .\objects\tasks.o(.text.prvResetNextTaskUnblockTime)
    [Anonymous Symbol]                       0x001016d4   Section        0  .\objects\tasks.o(.text.prvResetNextTaskUnblockTime)
    prvSampleTimeNow                         0x00101711   Thumb Code    68  .\objects\timers.o(.text.prvSampleTimeNow)
    [Anonymous Symbol]                       0x00101710   Section        0  .\objects\timers.o(.text.prvSampleTimeNow)
    prvSwitchTimerLists                      0x00101755   Thumb Code    82  .\objects\timers.o(.text.prvSwitchTimerLists)
    [Anonymous Symbol]                       0x00101754   Section        0  .\objects\timers.o(.text.prvSwitchTimerLists)
    prvTaskExitError                         0x001017a9   Thumb Code    76  .\objects\port.o(.text.prvTaskExitError)
    [Anonymous Symbol]                       0x001017a8   Section        0  .\objects\port.o(.text.prvTaskExitError)
    prvTimerTask                             0x001017f5   Thumb Code    30  .\objects\timers.o(.text.prvTimerTask)
    [Anonymous Symbol]                       0x001017f4   Section        0  .\objects\timers.o(.text.prvTimerTask)
    prvUnlockQueue                           0x00101815   Thumb Code   204  .\objects\queue.o(.text.prvUnlockQueue)
    [Anonymous Symbol]                       0x00101814   Section        0  .\objects\queue.o(.text.prvUnlockQueue)
    [Anonymous Symbol]                       0x001018e0   Section        0  .\objects\heap_4.o(.text.pvPortMalloc)
    [Anonymous Symbol]                       0x00101af4   Section        0  .\objects\port.o(.text.pxPortInitialiseStack)
    [Anonymous Symbol]                       0x00101b44   Section        0  .\objects\list.o(.text.uxListRemove)
    [Anonymous Symbol]                       0x00101b8c   Section        0  .\objects\my_func.o(.text.vInitButton)
    [Anonymous Symbol]                       0x00101bb4   Section        0  .\objects\my_func.o(.text.vInitPWM)
    [Anonymous Symbol]                       0x00101bd8   Section        0  .\objects\my_func.o(.text.vInitXTAL)
    [Anonymous Symbol]                       0x00101c80   Section        0  .\objects\list.o(.text.vListInitialise)
    [Anonymous Symbol]                       0x00101cb0   Section        0  .\objects\list.o(.text.vListInitialiseItem)
    [Anonymous Symbol]                       0x00101cc0   Section        0  .\objects\list.o(.text.vListInsert)
    [Anonymous Symbol]                       0x00101d2c   Section        0  .\objects\port.o(.text.vPortEnterCritical)
    [Anonymous Symbol]                       0x00101d84   Section        0  .\objects\port.o(.text.vPortExitCritical)
    [Anonymous Symbol]                       0x00101dd0   Section        0  .\objects\heap_4.o(.text.vPortFree)
    [Anonymous Symbol]                       0x00101ea0   Section        0  .\objects\port.o(.text.vPortSetupTimerInterrupt)
    [Anonymous Symbol]                       0x00101f18   Section        0  .\objects\port.o(.text.vPortSuppressTicksAndSleep)
    [Anonymous Symbol]                       0x00102124   Section        0  .\objects\queue.o(.text.vQueueWaitForMessageRestricted)
    [Anonymous Symbol]                       0x00102188   Section        0  .\objects\main.o(.text.vTaskCode_ONE)
    [Anonymous Symbol]                       0x001021a0   Section        0  .\objects\main.o(.text.vTaskCode_TWO)
    [Anonymous Symbol]                       0x001021b8   Section        0  .\objects\tasks.o(.text.vTaskDelay)
    [Anonymous Symbol]                       0x00102228   Section        0  .\objects\tasks.o(.text.vTaskInternalSetTimeOutState)
    [Anonymous Symbol]                       0x0010224c   Section        0  .\objects\tasks.o(.text.vTaskMissedYield)
    [Anonymous Symbol]                       0x0010225c   Section        0  .\objects\tasks.o(.text.vTaskPlaceOnEventList)
    [Anonymous Symbol]                       0x001022a0   Section        0  .\objects\tasks.o(.text.vTaskPlaceOnEventListRestricted)
    [Anonymous Symbol]                       0x0010231c   Section        0  .\objects\tasks.o(.text.vTaskStartScheduler)
    [Anonymous Symbol]                       0x001023d8   Section        0  .\objects\tasks.o(.text.vTaskStepTick)
    [Anonymous Symbol]                       0x00102424   Section        0  .\objects\tasks.o(.text.vTaskSuspendAll)
    __tagsym$$used.0                         0x00102434   Number         0  .\objects\tasks.o(.text.vTaskSwitchContext)
    [Anonymous Symbol]                       0x00102434   Section        0  .\objects\tasks.o(.text.vTaskSwitchContext)
    [Anonymous Symbol]                       0x001024f4   Section        0  .\objects\port.o(.text.xPortStartScheduler)
    [Anonymous Symbol]                       0x001025dc   Section        0  .\objects\queue.o(.text.xQueueGenericCreate)
    [Anonymous Symbol]                       0x00102678   Section        0  .\objects\queue.o(.text.xQueueGenericReset)
    [Anonymous Symbol]                       0x00102780   Section        0  .\objects\queue.o(.text.xQueueReceive)
    [Anonymous Symbol]                       0x0010295c   Section        0  .\objects\tasks.o(.text.xTaskCheckForTimeOut)
    [Anonymous Symbol]                       0x00102a58   Section        0  .\objects\tasks.o(.text.xTaskCreate)
    [Anonymous Symbol]                       0x00102af0   Section        0  .\objects\tasks.o(.text.xTaskGetSchedulerState)
    [Anonymous Symbol]                       0x00102b28   Section        0  .\objects\tasks.o(.text.xTaskGetTickCount)
    [Anonymous Symbol]                       0x00102b3c   Section        0  .\objects\tasks.o(.text.xTaskIncrementTick)
    [Anonymous Symbol]                       0x00102d9c   Section        0  .\objects\tasks.o(.text.xTaskPriorityDisinherit)
    [Anonymous Symbol]                       0x00102ed4   Section        0  .\objects\tasks.o(.text.xTaskRemoveFromEventList)
    [Anonymous Symbol]                       0x00103068   Section        0  .\objects\tasks.o(.text.xTaskResumeAll)
    [Anonymous Symbol]                       0x0010328c   Section        0  .\objects\timers.o(.text.xTimerCreateTimerTask)
    i.__scatterload_copy                     0x001032f8   Section       14  C:\Keil_v5\ARM\ARMCLANG\Bin\..\lib\armlib\mc_w.l(handlers.o)(i.__scatterload_copy)
    i.__scatterload_null                     0x00103306   Section        2  C:\Keil_v5\ARM\ARMCLANG\Bin\..\lib\armlib\mc_w.l(handlers.o)(i.__scatterload_null)
    i.__scatterload_zeroinit                 0x00103308   Section       14  C:\Keil_v5\ARM\ARMCLANG\Bin\..\lib\armlib\mc_w.l(handlers.o)(i.__scatterload_zeroinit)
    .L.str                                   0x00103316   Data           6  .\objects\main.o(.rodata.str1.1)
    [Anonymous Symbol]                       0x00103316   Section        0  .\objects\main.o(.rodata.str1.1)
    .L.str.1                                 0x0010331c   Data           6  .\objects\main.o(.rodata.str1.1)
    .L.str                                   0x00103322   Data           5  .\objects\tasks.o(.rodata.str1.1)
    [Anonymous Symbol]                       0x00103322   Section        0  .\objects\tasks.o(.rodata.str1.1)
    .L.str                                   0x00103327   Data           8  .\objects\timers.o(.rodata.str1.1)
    [Anonymous Symbol]                       0x00103327   Section        0  .\objects\timers.o(.rodata.str1.1)
    uxCriticalNesting                        0x20000008   Data           4  .\objects\port.o(.data.uxCriticalNesting)
    [Anonymous Symbol]                       0x20000008   Section        0  .\objects\port.o(.data.uxCriticalNesting)
    prvSampleTimeNow.xLastTime               0x2000000c   Data           4  .\objects\timers.o(.bss.prvSampleTimeNow.xLastTime)
    [Anonymous Symbol]                       0x2000000c   Section        0  .\objects\timers.o(.bss.prvSampleTimeNow.xLastTime)
    pxCurrentTimerList                       0x20000014   Data           4  .\objects\timers.o(.bss.pxCurrentTimerList)
    [Anonymous Symbol]                       0x20000014   Section        0  .\objects\timers.o(.bss.pxCurrentTimerList)
    pxDelayedTaskList                        0x20000018   Data           4  .\objects\tasks.o(.bss.pxDelayedTaskList)
    [Anonymous Symbol]                       0x20000018   Section        0  .\objects\tasks.o(.bss.pxDelayedTaskList)
    pxEnd                                    0x2000001c   Data           4  .\objects\heap_4.o(.bss.pxEnd)
    [Anonymous Symbol]                       0x2000001c   Section        0  .\objects\heap_4.o(.bss.pxEnd)
    pxOverflowDelayedTaskList                0x20000020   Data           4  .\objects\tasks.o(.bss.pxOverflowDelayedTaskList)
    [Anonymous Symbol]                       0x20000020   Section        0  .\objects\tasks.o(.bss.pxOverflowDelayedTaskList)
    pxOverflowTimerList                      0x20000024   Data           4  .\objects\timers.o(.bss.pxOverflowTimerList)
    [Anonymous Symbol]                       0x20000024   Section        0  .\objects\timers.o(.bss.pxOverflowTimerList)
    pxReadyTasksLists                        0x20000028   Data         100  .\objects\tasks.o(.bss.pxReadyTasksLists)
    [Anonymous Symbol]                       0x20000028   Section        0  .\objects\tasks.o(.bss.pxReadyTasksLists)
    ucHeap                                   0x2000008c   Data        4096  .\objects\heap_4.o(.bss.ucHeap)
    [Anonymous Symbol]                       0x2000008c   Section        0  .\objects\heap_4.o(.bss.ucHeap)
    ucMaxSysCallPriority                     0x2000108c   Data           1  .\objects\port.o(.bss.ucMaxSysCallPriority)
    [Anonymous Symbol]                       0x2000108c   Section        0  .\objects\port.o(.bss.ucMaxSysCallPriority)
    ulMaxPRIGROUPValue                       0x20001090   Data           4  .\objects\port.o(.bss.ulMaxPRIGROUPValue)
    [Anonymous Symbol]                       0x20001090   Section        0  .\objects\port.o(.bss.ulMaxPRIGROUPValue)
    ulStoppedTimerCompensation               0x20001094   Data           4  .\objects\port.o(.bss.ulStoppedTimerCompensation)
    [Anonymous Symbol]                       0x20001094   Section        0  .\objects\port.o(.bss.ulStoppedTimerCompensation)
    ulTimerCountsForOneTick                  0x20001098   Data           4  .\objects\port.o(.bss.ulTimerCountsForOneTick)
    [Anonymous Symbol]                       0x20001098   Section        0  .\objects\port.o(.bss.ulTimerCountsForOneTick)
    uxCurrentNumberOfTasks                   0x2000109c   Data           4  .\objects\tasks.o(.bss.uxCurrentNumberOfTasks)
    [Anonymous Symbol]                       0x2000109c   Section        0  .\objects\tasks.o(.bss.uxCurrentNumberOfTasks)
    uxDeletedTasksWaitingCleanUp             0x200010a0   Data           4  .\objects\tasks.o(.bss.uxDeletedTasksWaitingCleanUp)
    [Anonymous Symbol]                       0x200010a0   Section        0  .\objects\tasks.o(.bss.uxDeletedTasksWaitingCleanUp)
    uxSchedulerSuspended                     0x200010a4   Data           4  .\objects\tasks.o(.bss.uxSchedulerSuspended)
    [Anonymous Symbol]                       0x200010a4   Section        0  .\objects\tasks.o(.bss.uxSchedulerSuspended)
    uxTaskNumber                             0x200010a8   Data           4  .\objects\tasks.o(.bss.uxTaskNumber)
    [Anonymous Symbol]                       0x200010a8   Section        0  .\objects\tasks.o(.bss.uxTaskNumber)
    uxTopReadyPriority                       0x200010ac   Data           4  .\objects\tasks.o(.bss.uxTopReadyPriority)
    [Anonymous Symbol]                       0x200010ac   Section        0  .\objects\tasks.o(.bss.uxTopReadyPriority)
    xActiveTimerList1                        0x200010b0   Data          20  .\objects\timers.o(.bss.xActiveTimerList1)
    [Anonymous Symbol]                       0x200010b0   Section        0  .\objects\timers.o(.bss.xActiveTimerList1)
    xActiveTimerList2                        0x200010c4   Data          20  .\objects\timers.o(.bss.xActiveTimerList2)
    [Anonymous Symbol]                       0x200010c4   Section        0  .\objects\timers.o(.bss.xActiveTimerList2)
    xBlockAllocatedBit                       0x200010d8   Data           4  .\objects\heap_4.o(.bss.xBlockAllocatedBit)
    [Anonymous Symbol]                       0x200010d8   Section        0  .\objects\heap_4.o(.bss.xBlockAllocatedBit)
    xDelayedTaskList1                        0x200010dc   Data          20  .\objects\tasks.o(.bss.xDelayedTaskList1)
    [Anonymous Symbol]                       0x200010dc   Section        0  .\objects\tasks.o(.bss.xDelayedTaskList1)
    xDelayedTaskList2                        0x200010f0   Data          20  .\objects\tasks.o(.bss.xDelayedTaskList2)
    [Anonymous Symbol]                       0x200010f0   Section        0  .\objects\tasks.o(.bss.xDelayedTaskList2)
    xFreeBytesRemaining                      0x20001104   Data           4  .\objects\heap_4.o(.bss.xFreeBytesRemaining)
    [Anonymous Symbol]                       0x20001104   Section        0  .\objects\heap_4.o(.bss.xFreeBytesRemaining)
    xIdleTaskHandle                          0x20001108   Data           4  .\objects\tasks.o(.bss.xIdleTaskHandle)
    [Anonymous Symbol]                       0x20001108   Section        0  .\objects\tasks.o(.bss.xIdleTaskHandle)
    xMaximumPossibleSuppressedTicks          0x2000110c   Data           4  .\objects\port.o(.bss.xMaximumPossibleSuppressedTicks)
    [Anonymous Symbol]                       0x2000110c   Section        0  .\objects\port.o(.bss.xMaximumPossibleSuppressedTicks)
    xMinimumEverFreeBytesRemaining           0x20001110   Data           4  .\objects\heap_4.o(.bss.xMinimumEverFreeBytesRemaining)
    [Anonymous Symbol]                       0x20001110   Section        0  .\objects\heap_4.o(.bss.xMinimumEverFreeBytesRemaining)
    xNextTaskUnblockTime                     0x20001114   Data           4  .\objects\tasks.o(.bss.xNextTaskUnblockTime)
    [Anonymous Symbol]                       0x20001114   Section        0  .\objects\tasks.o(.bss.xNextTaskUnblockTime)
    xNumOfOverflows                          0x20001118   Data           4  .\objects\tasks.o(.bss.xNumOfOverflows)
    [Anonymous Symbol]                       0x20001118   Section        0  .\objects\tasks.o(.bss.xNumOfOverflows)
    xNumberOfSuccessfulAllocations           0x2000111c   Data           4  .\objects\heap_4.o(.bss.xNumberOfSuccessfulAllocations)
    [Anonymous Symbol]                       0x2000111c   Section        0  .\objects\heap_4.o(.bss.xNumberOfSuccessfulAllocations)
    xNumberOfSuccessfulFrees                 0x20001120   Data           4  .\objects\heap_4.o(.bss.xNumberOfSuccessfulFrees)
    [Anonymous Symbol]                       0x20001120   Section        0  .\objects\heap_4.o(.bss.xNumberOfSuccessfulFrees)
    xPendedTicks                             0x20001124   Data           4  .\objects\tasks.o(.bss.xPendedTicks)
    [Anonymous Symbol]                       0x20001124   Section        0  .\objects\tasks.o(.bss.xPendedTicks)
    xPendingReadyList                        0x20001128   Data          20  .\objects\tasks.o(.bss.xPendingReadyList)
    [Anonymous Symbol]                       0x20001128   Section        0  .\objects\tasks.o(.bss.xPendingReadyList)
    xSchedulerRunning                        0x2000113c   Data           4  .\objects\tasks.o(.bss.xSchedulerRunning)
    [Anonymous Symbol]                       0x2000113c   Section        0  .\objects\tasks.o(.bss.xSchedulerRunning)
    xStart                                   0x20001140   Data           8  .\objects\heap_4.o(.bss.xStart)
    [Anonymous Symbol]                       0x20001140   Section        0  .\objects\heap_4.o(.bss.xStart)
    xSuspendedTaskList                       0x20001148   Data          20  .\objects\tasks.o(.bss.xSuspendedTaskList)
    [Anonymous Symbol]                       0x20001148   Section        0  .\objects\tasks.o(.bss.xSuspendedTaskList)
    xTasksWaitingTermination                 0x2000115c   Data          20  .\objects\tasks.o(.bss.xTasksWaitingTermination)
    [Anonymous Symbol]                       0x2000115c   Section        0  .\objects\tasks.o(.bss.xTasksWaitingTermination)
    xTickCount                               0x20001170   Data           4  .\objects\tasks.o(.bss.xTickCount)
    [Anonymous Symbol]                       0x20001170   Section        0  .\objects\tasks.o(.bss.xTickCount)
    xTimerQueue                              0x20001174   Data           4  .\objects\timers.o(.bss.xTimerQueue)
    [Anonymous Symbol]                       0x20001174   Section        0  .\objects\timers.o(.bss.xTimerQueue)
    xTimerTaskHandle                         0x20001178   Data           4  .\objects\timers.o(.bss.xTimerTaskHandle)
    [Anonymous Symbol]                       0x20001178   Section        0  .\objects\timers.o(.bss.xTimerTaskHandle)
    xYieldPending                            0x2000117c   Data           4  .\objects\tasks.o(.bss.xYieldPending)
    [Anonymous Symbol]                       0x2000117c   Section        0  .\objects\tasks.o(.bss.xYieldPending)

    Global Symbols

    Symbol Name                              Value     Ov Type        Size  Object(Section)

    BuildAttributes$$THM_ISAv4$P$D$K$B$S$PE$A:L22UL41UL21$X:L11$S22US41US21$IEEE1$IW$~IW$USESV6$~STKCKD$USESV7$WCHAR32$~SHL$OSPACE$ROPI$EBA8$MICROLIB$REQ8$PRES8$EABIv2 0x00000000   Number         0  anon$$obj.o ABSOLUTE
    __cpp_initialize__aeabi_                  - Undefined Weak Reference
    __cxa_finalize                            - Undefined Weak Reference
    __decompress                              - Undefined Weak Reference
    _clock_init                               - Undefined Weak Reference
    _microlib_exit                            - Undefined Weak Reference
    ISR_Vector_Table_Size                    0x00000164   Number         0  .\objects\startup_rsl10.o ABSOLUTE
    ISR_Vector_Table                         0x00100000   Data           0  .\objects\startup_rsl10.o(RESET)
    ISR_Vector_Table_End                     0x00100165   Thumb Code     0  .\objects\startup_rsl10.o(RESET)
    Reset_Handler                            0x00100165   Thumb Code    16  .\objects\startup_rsl10.o(RESET)
    NMI_Handler                              0x00100175   Thumb Code     2  .\objects\startup_rsl10.o(RESET)
    HardFault_Handler                        0x00100177   Thumb Code     2  .\objects\startup_rsl10.o(RESET)
    MemManage_Handler                        0x00100179   Thumb Code     2  .\objects\startup_rsl10.o(RESET)
    BusFault_Handler                         0x0010017b   Thumb Code     2  .\objects\startup_rsl10.o(RESET)
    UsageFault_Handler                       0x0010017d   Thumb Code     2  .\objects\startup_rsl10.o(RESET)
    DebugMon_Handler                         0x00100181   Thumb Code     2  .\objects\startup_rsl10.o(RESET)
    ADC_BATMON_IRQHandler                    0x00100187   Thumb Code     0  .\objects\startup_rsl10.o(RESET)
    ASRC_ERROR_IRQHandler                    0x00100187   Thumb Code     0  .\objects\startup_rsl10.o(RESET)
    ASRC_IN_IRQHandler                       0x00100187   Thumb Code     0  .\objects\startup_rsl10.o(RESET)
    ASRC_OUT_IRQHandler                      0x00100187   Thumb Code     0  .\objects\startup_rsl10.o(RESET)
    AUDIOSINK_PERIOD_IRQHandler              0x00100187   Thumb Code     0  .\objects\startup_rsl10.o(RESET)
    AUDIOSINK_PHASE_IRQHandler               0x00100187   Thumb Code     0  .\objects\startup_rsl10.o(RESET)
    BLE_AUDIO0_IRQHandler                    0x00100187   Thumb Code     0  .\objects\startup_rsl10.o(RESET)
    BLE_AUDIO1_IRQHandler                    0x00100187   Thumb Code     0  .\objects\startup_rsl10.o(RESET)
    BLE_AUDIO2_IRQHandler                    0x00100187   Thumb Code     0  .\objects\startup_rsl10.o(RESET)
    BLE_COEX_IN_PROCESS_IRQHandler           0x00100187   Thumb Code     0  .\objects\startup_rsl10.o(RESET)
    BLE_COEX_RX_TX_IRQHandler                0x00100187   Thumb Code     0  .\objects\startup_rsl10.o(RESET)
    BLE_CRYPT_IRQHandler                     0x00100187   Thumb Code     0  .\objects\startup_rsl10.o(RESET)
    BLE_CSCNT_IRQHandler                     0x00100187   Thumb Code     0  .\objects\startup_rsl10.o(RESET)
    BLE_ERROR_IRQHandler                     0x00100187   Thumb Code     0  .\objects\startup_rsl10.o(RESET)
    BLE_EVENT_IRQHandler                     0x00100187   Thumb Code     0  .\objects\startup_rsl10.o(RESET)
    BLE_FINETGTIM_IRQHandler                 0x00100187   Thumb Code     0  .\objects\startup_rsl10.o(RESET)
    BLE_GROSSTGTIM_IRQHandler                0x00100187   Thumb Code     0  .\objects\startup_rsl10.o(RESET)
    BLE_RX_IRQHandler                        0x00100187   Thumb Code     0  .\objects\startup_rsl10.o(RESET)
    BLE_SLP_IRQHandler                       0x00100187   Thumb Code     0  .\objects\startup_rsl10.o(RESET)
    BLE_SW_IRQHandler                        0x00100187   Thumb Code     0  .\objects\startup_rsl10.o(RESET)
    CLKDET_IRQHandler                        0x00100187   Thumb Code     0  .\objects\startup_rsl10.o(RESET)
    DIO1_IRQHandler                          0x00100187   Thumb Code     0  .\objects\startup_rsl10.o(RESET)
    DIO2_IRQHandler                          0x00100187   Thumb Code     0  .\objects\startup_rsl10.o(RESET)
    DIO3_IRQHandler                          0x00100187   Thumb Code     0  .\objects\startup_rsl10.o(RESET)
    DMA0_IRQHandler                          0x00100187   Thumb Code     0  .\objects\startup_rsl10.o(RESET)
    DMA1_IRQHandler                          0x00100187   Thumb Code     0  .\objects\startup_rsl10.o(RESET)
    DMA2_IRQHandler                          0x00100187   Thumb Code     0  .\objects\startup_rsl10.o(RESET)
    DMA3_IRQHandler                          0x00100187   Thumb Code     0  .\objects\startup_rsl10.o(RESET)
    DMA4_IRQHandler                          0x00100187   Thumb Code     0  .\objects\startup_rsl10.o(RESET)
    DMA5_IRQHandler                          0x00100187   Thumb Code     0  .\objects\startup_rsl10.o(RESET)
    DMA6_IRQHandler                          0x00100187   Thumb Code     0  .\objects\startup_rsl10.o(RESET)
    DMA7_IRQHandler                          0x00100187   Thumb Code     0  .\objects\startup_rsl10.o(RESET)
    DMIC_OD_ERROR_IRQHandler                 0x00100187   Thumb Code     0  .\objects\startup_rsl10.o(RESET)
    DMIC_OUT_OD_IN_IRQHandler                0x00100187   Thumb Code     0  .\objects\startup_rsl10.o(RESET)
    DSP0_IRQHandler                          0x00100187   Thumb Code     0  .\objects\startup_rsl10.o(RESET)
    DSP1_IRQHandler                          0x00100187   Thumb Code     0  .\objects\startup_rsl10.o(RESET)
    DSP2_IRQHandler                          0x00100187   Thumb Code     0  .\objects\startup_rsl10.o(RESET)
    DSP3_IRQHandler                          0x00100187   Thumb Code     0  .\objects\startup_rsl10.o(RESET)
    DSP4_IRQHandler                          0x00100187   Thumb Code     0  .\objects\startup_rsl10.o(RESET)
    DSP5_IRQHandler                          0x00100187   Thumb Code     0  .\objects\startup_rsl10.o(RESET)
    DSP6_IRQHandler                          0x00100187   Thumb Code     0  .\objects\startup_rsl10.o(RESET)
    DSP7_IRQHandler                          0x00100187   Thumb Code     0  .\objects\startup_rsl10.o(RESET)
    FLASH_COPY_IRQHandler                    0x00100187   Thumb Code     0  .\objects\startup_rsl10.o(RESET)
    FLASH_ECC_IRQHandler                     0x00100187   Thumb Code     0  .\objects\startup_rsl10.o(RESET)
    I2C_IRQHandler                           0x00100187   Thumb Code     0  .\objects\startup_rsl10.o(RESET)
    MEMORY_ERROR_IRQHandler                  0x00100187   Thumb Code     0  .\objects\startup_rsl10.o(RESET)
    PCM_ERROR_IRQHandler                     0x00100187   Thumb Code     0  .\objects\startup_rsl10.o(RESET)
    PCM_RX_IRQHandler                        0x00100187   Thumb Code     0  .\objects\startup_rsl10.o(RESET)
    PCM_TX_IRQHandler                        0x00100187   Thumb Code     0  .\objects\startup_rsl10.o(RESET)
    RF_IRQ_RECEIVED_IRQHandler               0x00100187   Thumb Code     0  .\objects\startup_rsl10.o(RESET)
    RF_RXFIFO_IRQHandler                     0x00100187   Thumb Code     0  .\objects\startup_rsl10.o(RESET)
    RF_RXSTOP_IRQHandler                     0x00100187   Thumb Code     0  .\objects\startup_rsl10.o(RESET)
    RF_SYNC_IRQHandler                       0x00100187   Thumb Code     0  .\objects\startup_rsl10.o(RESET)
    RF_TXFIFO_IRQHandler                     0x00100187   Thumb Code     0  .\objects\startup_rsl10.o(RESET)
    RF_TX_IRQHandler                         0x00100187   Thumb Code     0  .\objects\startup_rsl10.o(RESET)
    RTC_ALARM_IRQHandler                     0x00100187   Thumb Code     0  .\objects\startup_rsl10.o(RESET)
    RTC_CLOCK_IRQHandler                     0x00100187   Thumb Code     0  .\objects\startup_rsl10.o(RESET)
    SPI0_ERROR_IRQHandler                    0x00100187   Thumb Code     0  .\objects\startup_rsl10.o(RESET)
    SPI0_RX_IRQHandler                       0x00100187   Thumb Code     0  .\objects\startup_rsl10.o(RESET)
    SPI0_TX_IRQHandler                       0x00100187   Thumb Code     0  .\objects\startup_rsl10.o(RESET)
    SPI1_ERROR_IRQHandler                    0x00100187   Thumb Code     0  .\objects\startup_rsl10.o(RESET)
    SPI1_RX_IRQHandler                       0x00100187   Thumb Code     0  .\objects\startup_rsl10.o(RESET)
    SPI1_TX_IRQHandler                       0x00100187   Thumb Code     0  .\objects\startup_rsl10.o(RESET)
    TIMER0_IRQHandler                        0x00100187   Thumb Code     0  .\objects\startup_rsl10.o(RESET)
    TIMER1_IRQHandler                        0x00100187   Thumb Code     0  .\objects\startup_rsl10.o(RESET)
    TIMER2_IRQHandler                        0x00100187   Thumb Code     0  .\objects\startup_rsl10.o(RESET)
    TIMER3_IRQHandler                        0x00100187   Thumb Code     0  .\objects\startup_rsl10.o(RESET)
    UART_ERROR_IRQHandler                    0x00100187   Thumb Code     0  .\objects\startup_rsl10.o(RESET)
    UART_RX_IRQHandler                       0x00100187   Thumb Code     0  .\objects\startup_rsl10.o(RESET)
    UART_TX_IRQHandler                       0x00100187   Thumb Code     0  .\objects\startup_rsl10.o(RESET)
    WAKEUP_IRQHandler                        0x00100187   Thumb Code     0  .\objects\startup_rsl10.o(RESET)
    WATCHDOG_IRQHandler                      0x00100187   Thumb Code     0  .\objects\startup_rsl10.o(RESET)
    __main                                   0x00100191   Thumb Code     0  C:\Keil_v5\ARM\ARMCLANG\Bin\..\lib\armlib\mc_w.l(entry.o)(.ARM.Collect$$$$00000000)
    _main_stk                                0x00100191   Thumb Code     0  C:\Keil_v5\ARM\ARMCLANG\Bin\..\lib\armlib\mc_w.l(entry4.o)(.ARM.Collect$$$$00000003)
    _main_scatterload                        0x00100195   Thumb Code     0  C:\Keil_v5\ARM\ARMCLANG\Bin\..\lib\armlib\mc_w.l(entry5.o)(.ARM.Collect$$$$00000004)
    __main_after_scatterload                 0x00100199   Thumb Code     0  C:\Keil_v5\ARM\ARMCLANG\Bin\..\lib\armlib\mc_w.l(entry5.o)(.ARM.Collect$$$$00000004)
    _main_clock                              0x00100199   Thumb Code     0  C:\Keil_v5\ARM\ARMCLANG\Bin\..\lib\armlib\mc_w.l(entry7b.o)(.ARM.Collect$$$$00000008)
    _main_cpp_init                           0x00100199   Thumb Code     0  C:\Keil_v5\ARM\ARMCLANG\Bin\..\lib\armlib\mc_w.l(entry8b.o)(.ARM.Collect$$$$0000000A)
    _main_init                               0x00100199   Thumb Code     0  C:\Keil_v5\ARM\ARMCLANG\Bin\..\lib\armlib\mc_w.l(entry9a.o)(.ARM.Collect$$$$0000000B)
    __rt_final_cpp                           0x001001a1   Thumb Code     0  C:\Keil_v5\ARM\ARMCLANG\Bin\..\lib\armlib\mc_w.l(entry10a.o)(.ARM.Collect$$$$0000000D)
    __rt_final_exit                          0x001001a1   Thumb Code     0  C:\Keil_v5\ARM\ARMCLANG\Bin\..\lib\armlib\mc_w.l(entry11a.o)(.ARM.Collect$$$$0000000F)
    __aeabi_memcpy                           0x001001a5   Thumb Code    36  C:\Keil_v5\ARM\ARMCLANG\Bin\..\lib\armlib\mc_w.l(memcpya.o)(.text)
    __aeabi_memcpy4                          0x001001a5   Thumb Code     0  C:\Keil_v5\ARM\ARMCLANG\Bin\..\lib\armlib\mc_w.l(memcpya.o)(.text)
    __aeabi_memcpy8                          0x001001a5   Thumb Code     0  C:\Keil_v5\ARM\ARMCLANG\Bin\..\lib\armlib\mc_w.l(memcpya.o)(.text)
    __aeabi_memset                           0x001001c9   Thumb Code    14  C:\Keil_v5\ARM\ARMCLANG\Bin\..\lib\armlib\mc_w.l(memseta.o)(.text)
    __aeabi_memset4                          0x001001c9   Thumb Code     0  C:\Keil_v5\ARM\ARMCLANG\Bin\..\lib\armlib\mc_w.l(memseta.o)(.text)
    __aeabi_memset8                          0x001001c9   Thumb Code     0  C:\Keil_v5\ARM\ARMCLANG\Bin\..\lib\armlib\mc_w.l(memseta.o)(.text)
    __aeabi_memclr                           0x001001d7   Thumb Code     4  C:\Keil_v5\ARM\ARMCLANG\Bin\..\lib\armlib\mc_w.l(memseta.o)(.text)
    __aeabi_memclr4                          0x001001d7   Thumb Code     0  C:\Keil_v5\ARM\ARMCLANG\Bin\..\lib\armlib\mc_w.l(memseta.o)(.text)
    __aeabi_memclr8                          0x001001d7   Thumb Code     0  C:\Keil_v5\ARM\ARMCLANG\Bin\..\lib\armlib\mc_w.l(memseta.o)(.text)
    _memset$wrapper                          0x001001db   Thumb Code    18  C:\Keil_v5\ARM\ARMCLANG\Bin\..\lib\armlib\mc_w.l(memseta.o)(.text)
    __scatterload                            0x001001ed   Thumb Code    28  C:\Keil_v5\ARM\ARMCLANG\Bin\..\lib\armlib\mc_w.l(init.o)(.text)
    __scatterload_rt2                        0x001001ed   Thumb Code     0  C:\Keil_v5\ARM\ARMCLANG\Bin\..\lib\armlib\mc_w.l(init.o)(.text)
    DIO0_IRQHandler                          0x00100211   Thumb Code    48  .\objects\interrupt.o(.text.DIO0_IRQHandler)
    PendSV_Handler                           0x00100241   Thumb Code    68  .\objects\port.o(.text.PendSV_Handler)
    SVC_Handler                              0x00100291   Thumb Code    36  .\objects\port.o(.text.SVC_Handler)
    SysTick_Handler                          0x001002b5   Thumb Code    60  .\objects\port.o(.text.SysTick_Handler)
    SystemCoreClockUpdate                    0x001003d9   Thumb Code   840  .\objects\system_rsl10.o(.text.SystemCoreClockUpdate)
    SystemInit                               0x00100721   Thumb Code    66  .\objects\system_rsl10.o(.text.SystemInit)
    System_GetTargetForTrim                  0x00100765   Thumb Code   122  .\objects\system_rsl10.o(.text.System_GetTargetForTrim)
    eTaskConfirmSleepModeStatus              0x00100811   Thumb Code   128  .\objects\tasks.o(.text.eTaskConfirmSleepModeStatus)
    main                                     0x00100891   Thumb Code   138  .\objects\main.o(.text.main)
    pvPortMalloc                             0x001018e1   Thumb Code   530  .\objects\heap_4.o(.text.pvPortMalloc)
    pxPortInitialiseStack                    0x00101af5   Thumb Code    80  .\objects\port.o(.text.pxPortInitialiseStack)
    uxListRemove                             0x00101b45   Thumb Code    72  .\objects\list.o(.text.uxListRemove)
    vInitButton                              0x00101b8d   Thumb Code    40  .\objects\my_func.o(.text.vInitButton)
    vInitPWM                                 0x00101bb5   Thumb Code    36  .\objects\my_func.o(.text.vInitPWM)
    vInitXTAL                                0x00101bd9   Thumb Code   168  .\objects\my_func.o(.text.vInitXTAL)
    vListInitialise                          0x00101c81   Thumb Code    46  .\objects\list.o(.text.vListInitialise)
    vListInitialiseItem                      0x00101cb1   Thumb Code    14  .\objects\list.o(.text.vListInitialiseItem)
    vListInsert                              0x00101cc1   Thumb Code   106  .\objects\list.o(.text.vListInsert)
    vPortEnterCritical                       0x00101d2d   Thumb Code    86  .\objects\port.o(.text.vPortEnterCritical)
    vPortExitCritical                        0x00101d85   Thumb Code    74  .\objects\port.o(.text.vPortExitCritical)
    vPortFree                                0x00101dd1   Thumb Code   206  .\objects\heap_4.o(.text.vPortFree)
    vPortSetupTimerInterrupt                 0x00101ea1   Thumb Code   120  .\objects\port.o(.text.vPortSetupTimerInterrupt)
    vPortSuppressTicksAndSleep               0x00101f19   Thumb Code   524  .\objects\port.o(.text.vPortSuppressTicksAndSleep)
    vQueueWaitForMessageRestricted           0x00102125   Thumb Code   100  .\objects\queue.o(.text.vQueueWaitForMessageRestricted)
    vTaskCode_ONE                            0x00102189   Thumb Code    24  .\objects\main.o(.text.vTaskCode_ONE)
    vTaskCode_TWO                            0x001021a1   Thumb Code    24  .\objects\main.o(.text.vTaskCode_TWO)
    vTaskDelay                               0x001021b9   Thumb Code   110  .\objects\tasks.o(.text.vTaskDelay)
    vTaskInternalSetTimeOutState             0x00102229   Thumb Code    36  .\objects\tasks.o(.text.vTaskInternalSetTimeOutState)
    vTaskMissedYield                         0x0010224d   Thumb Code    14  .\objects\tasks.o(.text.vTaskMissedYield)
    vTaskPlaceOnEventList                    0x0010225d   Thumb Code    66  .\objects\tasks.o(.text.vTaskPlaceOnEventList)
    vTaskPlaceOnEventListRestricted          0x001022a1   Thumb Code   124  .\objects\tasks.o(.text.vTaskPlaceOnEventListRestricted)
    vTaskStartScheduler                      0x0010231d   Thumb Code   188  .\objects\tasks.o(.text.vTaskStartScheduler)
    vTaskStepTick                            0x001023d9   Thumb Code    76  .\objects\tasks.o(.text.vTaskStepTick)
    vTaskSuspendAll                          0x00102425   Thumb Code    16  .\objects\tasks.o(.text.vTaskSuspendAll)
    vTaskSwitchContext                       0x00102435   Thumb Code   190  .\objects\tasks.o(.text.vTaskSwitchContext)
    xPortStartScheduler                      0x001024f5   Thumb Code   230  .\objects\port.o(.text.xPortStartScheduler)
    xQueueGenericCreate                      0x001025dd   Thumb Code   154  .\objects\queue.o(.text.xQueueGenericCreate)
    xQueueGenericReset                       0x00102679   Thumb Code   264  .\objects\queue.o(.text.xQueueGenericReset)
    xQueueReceive                            0x00102781   Thumb Code   476  .\objects\queue.o(.text.xQueueReceive)
    xTaskCheckForTimeOut                     0x0010295d   Thumb Code   252  .\objects\tasks.o(.text.xTaskCheckForTimeOut)
    xTaskCreate                              0x00102a59   Thumb Code   152  .\objects\tasks.o(.text.xTaskCreate)
    xTaskGetSchedulerState                   0x00102af1   Thumb Code    56  .\objects\tasks.o(.text.xTaskGetSchedulerState)
    xTaskGetTickCount                        0x00102b29   Thumb Code    20  .\objects\tasks.o(.text.xTaskGetTickCount)
    xTaskIncrementTick                       0x00102b3d   Thumb Code   608  .\objects\tasks.o(.text.xTaskIncrementTick)
    xTaskPriorityDisinherit                  0x00102d9d   Thumb Code   312  .\objects\tasks.o(.text.xTaskPriorityDisinherit)
    xTaskRemoveFromEventList                 0x00102ed5   Thumb Code   402  .\objects\tasks.o(.text.xTaskRemoveFromEventList)
    xTaskResumeAll                           0x00103069   Thumb Code   546  .\objects\tasks.o(.text.xTaskResumeAll)
    xTimerCreateTimerTask                    0x0010328d   Thumb Code   108  .\objects\timers.o(.text.xTimerCreateTimerTask)
    __scatterload_copy                       0x001032f9   Thumb Code    14  C:\Keil_v5\ARM\ARMCLANG\Bin\..\lib\armlib\mc_w.l(handlers.o)(i.__scatterload_copy)
    __scatterload_null                       0x00103307   Thumb Code     2  C:\Keil_v5\ARM\ARMCLANG\Bin\..\lib\armlib\mc_w.l(handlers.o)(i.__scatterload_null)
    __scatterload_zeroinit                   0x00103309   Thumb Code    14  C:\Keil_v5\ARM\ARMCLANG\Bin\..\lib\armlib\mc_w.l(handlers.o)(i.__scatterload_zeroinit)
    uxTopUsedPriority                        0x00103330   Data           4  .\objects\tasks.o(.rodata.uxTopUsedPriority)
    Region$$Table$$Base                      0x00103334   Number         0  anon$$obj.o(Region$$Table)
    Region$$Table$$Limit                     0x00103354   Number         0  anon$$obj.o(Region$$Table)
    SystemCoreClock                          0x20000000   Data           4  .\objects\system_rsl10.o(.bss.systemclock)
    pxCurrentTCB                             0x20000010   Data           4  .\objects\tasks.o(.bss.pxCurrentTCB)
    Image$$ARM_LIB_STACK$$ZI$$Limit          0x20006000   Number         0  anon$$obj.o ABSOLUTE



==============================================================================

Memory Map of the image

  Image Entry point : 0x00100191

  Load Region SECTIONS (Base: 0x00100000, Size: 0x00003358, Max: 0xffffffff, ABSOLUTE)

    Execution Region FLASH (Exec base: 0x00100000, Load base: 0x00100000, Size: 0x00003354, Max: 0x0005f000, ABSOLUTE)

    Exec Addr    Load Addr    Size         Type   Attr      Idx    E Section Name        Object

    0x00100000   0x00100000   0x00000190   Code   RO          289    RESET               .\objects\startup_rsl10.o
    0x00100190   0x00100190   0x00000000   Code   RO          814  * .ARM.Collect$$$$00000000  C:\Keil_v5\ARM\ARMCLANG\Bin\..\lib\armlib\mc_w.l(entry.o)
    0x00100190   0x00100190   0x00000004   Code   RO          837    .ARM.Collect$$$$00000003  C:\Keil_v5\ARM\ARMCLANG\Bin\..\lib\armlib\mc_w.l(entry4.o)
    0x00100194   0x00100194   0x00000004   Code   RO          840    .ARM.Collect$$$$00000004  C:\Keil_v5\ARM\ARMCLANG\Bin\..\lib\armlib\mc_w.l(entry5.o)
    0x00100198   0x00100198   0x00000000   Code   RO          842    .ARM.Collect$$$$00000008  C:\Keil_v5\ARM\ARMCLANG\Bin\..\lib\armlib\mc_w.l(entry7b.o)
    0x00100198   0x00100198   0x00000000   Code   RO          844    .ARM.Collect$$$$0000000A  C:\Keil_v5\ARM\ARMCLANG\Bin\..\lib\armlib\mc_w.l(entry8b.o)
    0x00100198   0x00100198   0x00000008   Code   RO          845    .ARM.Collect$$$$0000000B  C:\Keil_v5\ARM\ARMCLANG\Bin\..\lib\armlib\mc_w.l(entry9a.o)
    0x001001a0   0x001001a0   0x00000000   Code   RO          847    .ARM.Collect$$$$0000000D  C:\Keil_v5\ARM\ARMCLANG\Bin\..\lib\armlib\mc_w.l(entry10a.o)
    0x001001a0   0x001001a0   0x00000000   Code   RO          849    .ARM.Collect$$$$0000000F  C:\Keil_v5\ARM\ARMCLANG\Bin\..\lib\armlib\mc_w.l(entry11a.o)
    0x001001a0   0x001001a0   0x00000004   Code   RO          838    .ARM.Collect$$$$00002714  C:\Keil_v5\ARM\ARMCLANG\Bin\..\lib\armlib\mc_w.l(entry4.o)
    0x001001a4   0x001001a4   0x00000024   Code   RO          819    .text               C:\Keil_v5\ARM\ARMCLANG\Bin\..\lib\armlib\mc_w.l(memcpya.o)
    0x001001c8   0x001001c8   0x00000024   Code   RO          821    .text               C:\Keil_v5\ARM\ARMCLANG\Bin\..\lib\armlib\mc_w.l(memseta.o)
    0x001001ec   0x001001ec   0x00000024   Code   RO          862    .text               C:\Keil_v5\ARM\ARMCLANG\Bin\..\lib\armlib\mc_w.l(init.o)
    0x00100210   0x00100210   0x00000030   Code   RO           23    .text.DIO0_IRQHandler  .\objects\interrupt.o
    0x00100240   0x00100240   0x00000044   Code   RO          383    .text.PendSV_Handler  .\objects\port.o
    0x00100284   0x00100284   0x0000000c   PAD
    0x00100290   0x00100290   0x00000024   Code   RO          369    .text.SVC_Handler   .\objects\port.o
    0x001002b4   0x001002b4   0x0000003c   Code   RO          385    .text.SysTick_Handler  .\objects\port.o
    0x001002f0   0x001002f0   0x0000002c   Code   RO           33    .text.Sys_Clocks_SystemClkConfig  .\objects\my_func.o
    0x0010031c   0x0010031c   0x0000001a   Code   RO           12    .text.Sys_DIO_Config  .\objects\main.o
    0x00100336   0x00100336   0x00000002   PAD
    0x00100338   0x00100338   0x0000001a   Code   RO           39    .text.Sys_DIO_Config  .\objects\my_func.o
    0x00100352   0x00100352   0x00000002   PAD
    0x00100354   0x00100354   0x00000030   Code   RO           41    .text.Sys_DIO_IntConfig  .\objects\my_func.o
    0x00100384   0x00100384   0x00000038   Code   RO            6    .text.Sys_GPIO_Toggle  .\objects\main.o
    0x001003bc   0x001003bc   0x0000001a   Code   RO          298    .text.Sys_ReadNVR4  .\objects\system_rsl10.o
    0x001003d6   0x001003d6   0x00000002   PAD
    0x001003d8   0x001003d8   0x00000348   Code   RO          302    .text.SystemCoreClockUpdate  .\objects\system_rsl10.o
    0x00100720   0x00100720   0x00000042   Code   RO          300    .text.SystemInit    .\objects\system_rsl10.o
    0x00100762   0x00100762   0x00000002   PAD
    0x00100764   0x00100764   0x0000007a   Code   RO          296    .text.System_GetTargetForTrim  .\objects\system_rsl10.o
    0x001007de   0x001007de   0x00000002   PAD
    0x001007e0   0x001007e0   0x00000030   Code   RO           43    .text.__NVIC_EnableIRQ  .\objects\my_func.o
    0x00100810   0x00100810   0x00000080   Code   RO          671    .text.eTaskConfirmSleepModeStatus  .\objects\tasks.o
    0x00100890   0x00100890   0x0000008a   Code   RO           10    .text.main          .\objects\main.o
    0x0010091a   0x0010091a   0x00000002   PAD
    0x0010091c   0x0010091c   0x00000122   Code   RO          593    .text.prvAddCurrentTaskToDelayedList  .\objects\tasks.o
    0x00100a3e   0x00100a3e   0x00000002   PAD
    0x00100a40   0x00100a40   0x00000154   Code   RO          581    .text.prvAddNewTaskToReadyList  .\objects\tasks.o
    0x00100b94   0x00100b94   0x0000006a   Code   RO          748    .text.prvCheckForValidListAndQueue  .\objects\timers.o
    0x00100bfe   0x00100bfe   0x00000002   PAD
    0x00100c00   0x00100c00   0x0000005a   Code   RO          711    .text.prvCheckTasksWaitingTermination  .\objects\tasks.o
    0x00100c5a   0x00100c5a   0x00000002   PAD
    0x00100c5c   0x00100c5c   0x00000042   Code   RO          473    .text.prvCopyDataFromQueue  .\objects\queue.o
    0x00100c9e   0x00100c9e   0x00000002   PAD
    0x00100ca0   0x00100ca0   0x000000cc   Code   RO          459    .text.prvCopyDataToQueue  .\objects\queue.o
    0x00100d6c   0x00100d6c   0x00000018   Code   RO          587    .text.prvDeleteTCB  .\objects\tasks.o
    0x00100d84   0x00100d84   0x0000007c   Code   RO          713    .text.prvGetExpectedIdleTime  .\objects\tasks.o
    0x00100e00   0x00100e00   0x00000040   Code   RO          784    .text.prvGetNextExpireTime  .\objects\timers.o
    0x00100e40   0x00100e40   0x000000bc   Code   RO          406    .text.prvHeapInit   .\objects\heap_4.o
    0x00100efc   0x00100efc   0x0000009a   Code   RO          619    .text.prvIdleTask   .\objects\tasks.o
    0x00100f96   0x00100f96   0x00000002   PAD
    0x00100f98   0x00100f98   0x0000004e   Code   RO          439    .text.prvInitialiseNewQueue  .\objects\queue.o
    0x00100fe6   0x00100fe6   0x00000002   PAD
    0x00100fe8   0x00100fe8   0x00000146   Code   RO          579    .text.prvInitialiseNewTask  .\objects\tasks.o
    0x0010112e   0x0010112e   0x00000002   PAD
    0x00101130   0x00101130   0x0000008e   Code   RO          709    .text.prvInitialiseTaskLists  .\objects\tasks.o
    0x001011be   0x001011be   0x00000002   PAD
    0x001011c0   0x001011c0   0x000000c6   Code   RO          408    .text.prvInsertBlockIntoFreeList  .\objects\heap_4.o
    0x00101286   0x00101286   0x00000002   PAD
    0x00101288   0x00101288   0x00000086   Code   RO          798    .text.prvInsertTimerInActiveList  .\objects\timers.o
    0x0010130e   0x0010130e   0x00000002   PAD
    0x00101310   0x00101310   0x00000028   Code   RO          475    .text.prvIsQueueEmpty  .\objects\queue.o
    0x00101338   0x00101338   0x000000d8   Code   RO          461    .text.prvNotifyQueueSetContainer  .\objects\queue.o
    0x00101410   0x00101410   0x00000020   Code   RO          375    .text.prvPortStartFirstTask  .\objects\port.o
    0x00101430   0x00101430   0x00000054   Code   RO          792    .text.prvProcessExpiredTimer  .\objects\timers.o
    0x00101484   0x00101484   0x00000180   Code   RO          788    .text.prvProcessReceivedCommands  .\objects\timers.o
    0x00101604   0x00101604   0x0000009a   Code   RO          786    .text.prvProcessTimerOrBlockTask  .\objects\timers.o
    0x0010169e   0x0010169e   0x00000002   PAD
    0x001016a0   0x001016a0   0x00000034   Code   RO          796    .text.prvReloadTimer  .\objects\timers.o
    0x001016d4   0x001016d4   0x0000003c   Code   RO          585    .text.prvResetNextTaskUnblockTime  .\objects\tasks.o
    0x00101710   0x00101710   0x00000044   Code   RO          790    .text.prvSampleTimeNow  .\objects\timers.o
    0x00101754   0x00101754   0x00000052   Code   RO          794    .text.prvSwitchTimerLists  .\objects\timers.o
    0x001017a6   0x001017a6   0x00000002   PAD
    0x001017a8   0x001017a8   0x0000004c   Code   RO          367    .text.prvTaskExitError  .\objects\port.o
    0x001017f4   0x001017f4   0x0000001e   Code   RO          750    .text.prvTimerTask  .\objects\timers.o
    0x00101812   0x00101812   0x00000002   PAD
    0x00101814   0x00101814   0x000000cc   Code   RO          465    .text.prvUnlockQueue  .\objects\queue.o
    0x001018e0   0x001018e0   0x00000212   Code   RO          404    .text.pvPortMalloc  .\objects\heap_4.o
    0x00101af2   0x00101af2   0x00000002   PAD
    0x00101af4   0x00101af4   0x00000050   Code   RO          365    .text.pxPortInitialiseStack  .\objects\port.o
    0x00101b44   0x00101b44   0x00000048   Code   RO          356    .text.uxListRemove  .\objects\list.o
    0x00101b8c   0x00101b8c   0x00000028   Code   RO           37    .text.vInitButton   .\objects\my_func.o
    0x00101bb4   0x00101bb4   0x00000024   Code   RO           35    .text.vInitPWM      .\objects\my_func.o
    0x00101bd8   0x00101bd8   0x000000a8   Code   RO           31    .text.vInitXTAL     .\objects\my_func.o
    0x00101c80   0x00101c80   0x0000002e   Code   RO          348    .text.vListInitialise  .\objects\list.o
    0x00101cae   0x00101cae   0x00000002   PAD
    0x00101cb0   0x00101cb0   0x0000000e   Code   RO          350    .text.vListInitialiseItem  .\objects\list.o
    0x00101cbe   0x00101cbe   0x00000002   PAD
    0x00101cc0   0x00101cc0   0x0000006a   Code   RO          354    .text.vListInsert   .\objects\list.o
    0x00101d2a   0x00101d2a   0x00000002   PAD
    0x00101d2c   0x00101d2c   0x00000056   Code   RO          379    .text.vPortEnterCritical  .\objects\port.o
    0x00101d82   0x00101d82   0x00000002   PAD
    0x00101d84   0x00101d84   0x0000004a   Code   RO          381    .text.vPortExitCritical  .\objects\port.o
    0x00101dce   0x00101dce   0x00000002   PAD
    0x00101dd0   0x00101dd0   0x000000ce   Code   RO          410    .text.vPortFree     .\objects\heap_4.o
    0x00101e9e   0x00101e9e   0x00000002   PAD
    0x00101ea0   0x00101ea0   0x00000078   Code   RO          373    .text.vPortSetupTimerInterrupt  .\objects\port.o
    0x00101f18   0x00101f18   0x0000020c   Code   RO          387    .text.vPortSuppressTicksAndSleep  .\objects\port.o
    0x00102124   0x00102124   0x00000064   Code   RO          503    .text.vQueueWaitForMessageRestricted  .\objects\queue.o
    0x00102188   0x00102188   0x00000018   Code   RO            4    .text.vTaskCode_ONE  .\objects\main.o
    0x001021a0   0x001021a0   0x00000018   Code   RO            8    .text.vTaskCode_TWO  .\objects\main.o
    0x001021b8   0x001021b8   0x0000006e   Code   RO          597    .text.vTaskDelay    .\objects\tasks.o
    0x00102226   0x00102226   0x00000002   PAD
    0x00102228   0x00102228   0x00000024   Code   RO          661    .text.vTaskInternalSetTimeOutState  .\objects\tasks.o
    0x0010224c   0x0010224c   0x0000000e   Code   RO          665    .text.vTaskMissedYield  .\objects\tasks.o
    0x0010225a   0x0010225a   0x00000002   PAD
    0x0010225c   0x0010225c   0x00000042   Code   RO          649    .text.vTaskPlaceOnEventList  .\objects\tasks.o
    0x0010229e   0x0010229e   0x00000002   PAD
    0x001022a0   0x001022a0   0x0000007c   Code   RO          653    .text.vTaskPlaceOnEventListRestricted  .\objects\tasks.o
    0x0010231c   0x0010231c   0x000000bc   Code   RO          617    .text.vTaskStartScheduler  .\objects\tasks.o
    0x001023d8   0x001023d8   0x0000004c   Code   RO          643    .text.vTaskStepTick  .\objects\tasks.o
    0x00102424   0x00102424   0x00000010   Code   RO          591    .text.vTaskSuspendAll  .\objects\tasks.o
    0x00102434   0x00102434   0x000000be   Code   RO          609    .text.vTaskSwitchContext  .\objects\tasks.o
    0x001024f2   0x001024f2   0x00000002   PAD
    0x001024f4   0x001024f4   0x000000e6   Code   RO          371    .text.xPortStartScheduler  .\objects\port.o
    0x001025da   0x001025da   0x00000002   PAD
    0x001025dc   0x001025dc   0x0000009a   Code   RO          437    .text.xQueueGenericCreate  .\objects\queue.o
    0x00102676   0x00102676   0x00000002   PAD
    0x00102678   0x00102678   0x00000108   Code   RO          435    .text.xQueueGenericReset  .\objects\queue.o
    0x00102780   0x00102780   0x000001dc   Code   RO          471    .text.xQueueReceive  .\objects\queue.o
    0x0010295c   0x0010295c   0x000000fc   Code   RO          663    .text.xTaskCheckForTimeOut  .\objects\tasks.o
    0x00102a58   0x00102a58   0x00000098   Code   RO          577    .text.xTaskCreate   .\objects\tasks.o
    0x00102af0   0x00102af0   0x00000038   Code   RO          683    .text.xTaskGetSchedulerState  .\objects\tasks.o
    0x00102b28   0x00102b28   0x00000014   Code   RO          625    .text.xTaskGetTickCount  .\objects\tasks.o
    0x00102b3c   0x00102b3c   0x00000260   Code   RO          623    .text.xTaskIncrementTick  .\objects\tasks.o
    0x00102d9c   0x00102d9c   0x00000138   Code   RO          687    .text.xTaskPriorityDisinherit  .\objects\tasks.o
    0x00102ed4   0x00102ed4   0x00000192   Code   RO          655    .text.xTaskRemoveFromEventList  .\objects\tasks.o
    0x00103066   0x00103066   0x00000002   PAD
    0x00103068   0x00103068   0x00000222   Code   RO          595    .text.xTaskResumeAll  .\objects\tasks.o
    0x0010328a   0x0010328a   0x00000002   PAD
    0x0010328c   0x0010328c   0x0000006c   Code   RO          746    .text.xTimerCreateTimerTask  .\objects\timers.o
    0x001032f8   0x001032f8   0x0000000e   Code   RO          866    i.__scatterload_copy  C:\Keil_v5\ARM\ARMCLANG\Bin\..\lib\armlib\mc_w.l(handlers.o)
    0x00103306   0x00103306   0x00000002   Code   RO          867    i.__scatterload_null  C:\Keil_v5\ARM\ARMCLANG\Bin\..\lib\armlib\mc_w.l(handlers.o)
    0x00103308   0x00103308   0x0000000e   Code   RO          868    i.__scatterload_zeroinit  C:\Keil_v5\ARM\ARMCLANG\Bin\..\lib\armlib\mc_w.l(handlers.o)
    0x00103316   0x00103316   0x0000000c   Data   RO           14    .rodata.str1.1      .\objects\main.o
    0x00103322   0x00103322   0x00000005   Data   RO          731    .rodata.str1.1      .\objects\tasks.o
    0x00103327   0x00103327   0x00000008   Data   RO          801    .rodata.str1.1      .\objects\timers.o
    0x0010332f   0x0010332f   0x00000001   PAD
    0x00103330   0x00103330   0x00000004   Data   RO          716    .rodata.uxTopUsedPriority  .\objects\tasks.o
    0x00103334   0x00103334   0x00000020   Data   RO          865    Region$$Table       anon$$obj.o


    Execution Region SYSTEMCLOCK (Exec base: 0x20000000, Load base: 0x00103354, Size: 0x00000004, Max: 0x00000004, ABSOLUTE, UNINIT)

    Exec Addr    Load Addr    Size         Type   Attr      Idx    E Section Name        Object

    0x20000000        -       0x00000004   Zero   RW          304    .bss.systemclock    .\objects\system_rsl10.o


    Execution Region DRAM (Exec base: 0x20000008, Load base: 0x00103354, Size: 0x00001178, Max: 0x000057f8, ABSOLUTE)

    Exec Addr    Load Addr    Size         Type   Attr      Idx    E Section Name        Object

    0x20000008   0x00103354   0x00000004   Data   RW          393    .data.uxCriticalNesting  .\objects\port.o
    0x2000000c        -       0x00000004   Zero   RW          805    .bss.prvSampleTimeNow.xLastTime  .\objects\timers.o
    0x20000010        -       0x00000004   Zero   RW          715    .bss.pxCurrentTCB   .\objects\tasks.o
    0x20000014        -       0x00000004   Zero   RW          803    .bss.pxCurrentTimerList  .\objects\timers.o
    0x20000018        -       0x00000004   Zero   RW          726    .bss.pxDelayedTaskList  .\objects\tasks.o
    0x2000001c        -       0x00000004   Zero   RW          420    .bss.pxEnd          .\objects\heap_4.o
    0x20000020        -       0x00000004   Zero   RW          727    .bss.pxOverflowDelayedTaskList  .\objects\tasks.o
    0x20000024        -       0x00000004   Zero   RW          804    .bss.pxOverflowTimerList  .\objects\timers.o
    0x20000028        -       0x00000064   Zero   RW          717    .bss.pxReadyTasksLists  .\objects\tasks.o
    0x2000008c        -       0x00001000   Zero   RW          427    .bss.ucHeap         .\objects\heap_4.o
    0x2000108c        -       0x00000001   Zero   RW          391    .bss.ucMaxSysCallPriority  .\objects\port.o
    0x2000108d   0x00103358   0x00000003   PAD
    0x20001090        -       0x00000004   Zero   RW          392    .bss.ulMaxPRIGROUPValue  .\objects\port.o
    0x20001094        -       0x00000004   Zero   RW          396    .bss.ulStoppedTimerCompensation  .\objects\port.o
    0x20001098        -       0x00000004   Zero   RW          395    .bss.ulTimerCountsForOneTick  .\objects\port.o
    0x2000109c        -       0x00000004   Zero   RW          722    .bss.uxCurrentNumberOfTasks  .\objects\tasks.o
    0x200010a0        -       0x00000004   Zero   RW          721    .bss.uxDeletedTasksWaitingCleanUp  .\objects\tasks.o
    0x200010a4        -       0x00000004   Zero   RW          724    .bss.uxSchedulerSuspended  .\objects\tasks.o
    0x200010a8        -       0x00000004   Zero   RW          719    .bss.uxTaskNumber   .\objects\tasks.o
    0x200010ac        -       0x00000004   Zero   RW          718    .bss.uxTopReadyPriority  .\objects\tasks.o
    0x200010b0        -       0x00000014   Zero   RW          806    .bss.xActiveTimerList1  .\objects\timers.o
    0x200010c4        -       0x00000014   Zero   RW          807    .bss.xActiveTimerList2  .\objects\timers.o
    0x200010d8        -       0x00000004   Zero   RW          421    .bss.xBlockAllocatedBit  .\objects\heap_4.o
    0x200010dc        -       0x00000014   Zero   RW          736    .bss.xDelayedTaskList1  .\objects\tasks.o
    0x200010f0        -       0x00000014   Zero   RW          737    .bss.xDelayedTaskList2  .\objects\tasks.o
    0x20001104        -       0x00000004   Zero   RW          422    .bss.xFreeBytesRemaining  .\objects\heap_4.o
    0x20001108        -       0x00000004   Zero   RW          732    .bss.xIdleTaskHandle  .\objects\tasks.o
    0x2000110c        -       0x00000004   Zero   RW          394    .bss.xMaximumPossibleSuppressedTicks  .\objects\port.o
    0x20001110        -       0x00000004   Zero   RW          424    .bss.xMinimumEverFreeBytesRemaining  .\objects\heap_4.o
    0x20001114        -       0x00000004   Zero   RW          733    .bss.xNextTaskUnblockTime  .\objects\tasks.o
    0x20001118        -       0x00000004   Zero   RW          735    .bss.xNumOfOverflows  .\objects\tasks.o
    0x2000111c        -       0x00000004   Zero   RW          425    .bss.xNumberOfSuccessfulAllocations  .\objects\heap_4.o
    0x20001120        -       0x00000004   Zero   RW          426    .bss.xNumberOfSuccessfulFrees  .\objects\heap_4.o
    0x20001124        -       0x00000004   Zero   RW          734    .bss.xPendedTicks   .\objects\tasks.o
    0x20001128        -       0x00000014   Zero   RW          730    .bss.xPendingReadyList  .\objects\tasks.o
    0x2000113c        -       0x00000004   Zero   RW          723    .bss.xSchedulerRunning  .\objects\tasks.o
    0x20001140        -       0x00000008   Zero   RW          423    .bss.xStart         .\objects\heap_4.o
    0x20001148        -       0x00000014   Zero   RW          728    .bss.xSuspendedTaskList  .\objects\tasks.o
    0x2000115c        -       0x00000014   Zero   RW          720    .bss.xTasksWaitingTermination  .\objects\tasks.o
    0x20001170        -       0x00000004   Zero   RW          725    .bss.xTickCount     .\objects\tasks.o
    0x20001174        -       0x00000004   Zero   RW          800    .bss.xTimerQueue    .\objects\timers.o
    0x20001178        -       0x00000004   Zero   RW          802    .bss.xTimerTaskHandle  .\objects\timers.o
    0x2000117c        -       0x00000004   Zero   RW          729    .bss.xYieldPending  .\objects\tasks.o


    Execution Region ARM_LIB_HEAP (Exec base: 0x20005800, Load base: 0x00103358, Size: 0x00000400, Max: 0x00000400, ABSOLUTE)

    Exec Addr    Load Addr    Size         Type   Attr      Idx    E Section Name        Object

    0x20005800        -       0x00000400   Zero   RW            1    ARM_LIB_HEAP.bss    anon$$obj.o


    Execution Region ARM_LIB_STACK (Exec base: 0x20005c00, Load base: 0x00103358, Size: 0x00000400, Max: 0x00000400, ABSOLUTE)

    Exec Addr    Load Addr    Size         Type   Attr      Idx    E Section Name        Object

    0x20005c00        -       0x00000400   Zero   RW            2    ARM_LIB_STACK.bss   anon$$obj.o


==============================================================================

Image component sizes


      Code (inc. data)   RO Data    RW Data    ZI Data      Debug   Object Name

      1122          0          0          0       4128       4566   .\objects\heap_4.o
        48          0          0          0          0        805   .\objects\interrupt.o
       238          0          0          0          0       2301   .\objects\list.o
       268          0         12          0          0       2139   .\objects\main.o
       410          0          0          0          0       8962   .\objects\my_func.o
      1386         12          0          4         17       4627   .\objects\port.o
      1802          0          0          0          0      16953   .\objects\queue.o
       400        364          0          0          0        800   .\objects\startup_rsl10.o
      1054          6          0          0          4       5186   .\objects\system_rsl10.o
      4846          0          9          0        260      27155   .\objects\tasks.o
      1266         10          8          0         60       9430   .\objects\timers.o

    ----------------------------------------------------------------------
     12920        404         62          4       6520      82924   Object Totals
         0          0         32          0       2048          0   (incl. Generated)
        80         12          1          0          3          0   (incl. Padding)

    ----------------------------------------------------------------------

      Code (inc. data)   RO Data    RW Data    ZI Data      Debug   Library Member Name

         0          0          0          0          0          0   C:\Keil_v5\ARM\ARMCLANG\Bin\..\lib\armlib\mc_w.l(entry.o)
         0          0          0          0          0          0   C:\Keil_v5\ARM\ARMCLANG\Bin\..\lib\armlib\mc_w.l(entry10a.o)
         0          0          0          0          0          0   C:\Keil_v5\ARM\ARMCLANG\Bin\..\lib\armlib\mc_w.l(entry11a.o)
         8          4          0          0          0          0   C:\Keil_v5\ARM\ARMCLANG\Bin\..\lib\armlib\mc_w.l(entry4.o)
         4          0          0          0          0          0   C:\Keil_v5\ARM\ARMCLANG\Bin\..\lib\armlib\mc_w.l(entry5.o)
         0          0          0          0          0          0   C:\Keil_v5\ARM\ARMCLANG\Bin\..\lib\armlib\mc_w.l(entry7b.o)
         0          0          0          0          0          0   C:\Keil_v5\ARM\ARMCLANG\Bin\..\lib\armlib\mc_w.l(entry8b.o)
         8          4          0          0          0          0   C:\Keil_v5\ARM\ARMCLANG\Bin\..\lib\armlib\mc_w.l(entry9a.o)
        30          0          0          0          0          0   C:\Keil_v5\ARM\ARMCLANG\Bin\..\lib\armlib\mc_w.l(handlers.o)
        36          8          0          0          0         68   C:\Keil_v5\ARM\ARMCLANG\Bin\..\lib\armlib\mc_w.l(init.o)
        36          0          0          0          0         68   C:\Keil_v5\ARM\ARMCLANG\Bin\..\lib\armlib\mc_w.l(memcpya.o)
        36          0          0          0          0        108   C:\Keil_v5\ARM\ARMCLANG\Bin\..\lib\armlib\mc_w.l(memseta.o)

    ----------------------------------------------------------------------
       158         16          0          0          0        244   Library Totals
         0          0          0          0          0          0   (incl. Padding)

    ----------------------------------------------------------------------

      Code (inc. data)   RO Data    RW Data    ZI Data      Debug   Library Name

       158         16          0          0          0        244   C:\Keil_v5\ARM\ARMCLANG\Bin\..\lib\armlib\mc_w.l

    ----------------------------------------------------------------------
       158         16          0          0          0        244   Library Totals

    ----------------------------------------------------------------------

==============================================================================


      Code (inc. data)   RO Data    RW Data    ZI Data      Debug   

     13078        420         62          4       6520      83088   Grand Totals
     13078        420         62          4       6520      83088   ELF Image Totals
     13078        420         62          4          0          0   ROM Totals

==============================================================================

    Total RO  Size (Code + RO Data)                13140 (  12.83kB)
    Total RW  Size (RW Data + ZI Data)              6524 (   6.37kB)
    Total ROM Size (Code + RO Data + RW Data)      13144 (  12.84kB)

==============================================================================

